Archive member included to satisfy reference by file (symbol)

/usr/lib/gcc/arm-none-eabi/13.2.1/../../../arm-none-eabi/lib/thumb/v7e-m+fp/hard/libc_nano.a(libc_a-init.o)
                              /usr/lib/gcc/arm-none-eabi/13.2.1/../../../arm-none-eabi/lib/thumb/v7e-m+fp/hard/crt0.o (__libc_init_array)
/usr/lib/gcc/arm-none-eabi/13.2.1/../../../arm-none-eabi/lib/thumb/v7e-m+fp/hard/libc_nano.a(libc_a-memset.o)
                              /usr/lib/gcc/arm-none-eabi/13.2.1/../../../arm-none-eabi/lib/thumb/v7e-m+fp/hard/crt0.o (memset)
/usr/lib/gcc/arm-none-eabi/13.2.1/../../../arm-none-eabi/lib/thumb/v7e-m+fp/hard/libc_nano.a(libc_a-errno.o)
                              build/sysmem.o (__errno)
/usr/lib/gcc/arm-none-eabi/13.2.1/../../../arm-none-eabi/lib/thumb/v7e-m+fp/hard/libc_nano.a(libc_a-exit.o)
                              /usr/lib/gcc/arm-none-eabi/13.2.1/../../../arm-none-eabi/lib/thumb/v7e-m+fp/hard/crt0.o (exit)
/usr/lib/gcc/arm-none-eabi/13.2.1/../../../arm-none-eabi/lib/thumb/v7e-m+fp/hard/libc_nano.a(libc_a-atexit.o)
                              /usr/lib/gcc/arm-none-eabi/13.2.1/../../../arm-none-eabi/lib/thumb/v7e-m+fp/hard/crt0.o (atexit)
/usr/lib/gcc/arm-none-eabi/13.2.1/../../../arm-none-eabi/lib/thumb/v7e-m+fp/hard/libc_nano.a(libc_a-fini.o)
                              /usr/lib/gcc/arm-none-eabi/13.2.1/../../../arm-none-eabi/lib/thumb/v7e-m+fp/hard/crt0.o (__libc_fini_array)
/usr/lib/gcc/arm-none-eabi/13.2.1/../../../arm-none-eabi/lib/thumb/v7e-m+fp/hard/libc_nano.a(libc_a-impure.o)
                              /usr/lib/gcc/arm-none-eabi/13.2.1/../../../arm-none-eabi/lib/thumb/v7e-m+fp/hard/libc_nano.a(libc_a-errno.o) (_impure_ptr)
/usr/lib/gcc/arm-none-eabi/13.2.1/../../../arm-none-eabi/lib/thumb/v7e-m+fp/hard/libc_nano.a(libc_a-findfp.o)
                              /usr/lib/gcc/arm-none-eabi/13.2.1/../../../arm-none-eabi/lib/thumb/v7e-m+fp/hard/libc_nano.a(libc_a-exit.o) (__stdio_exit_handler)
/usr/lib/gcc/arm-none-eabi/13.2.1/../../../arm-none-eabi/lib/thumb/v7e-m+fp/hard/libc_nano.a(libc_a-fflush.o)
                              /usr/lib/gcc/arm-none-eabi/13.2.1/../../../arm-none-eabi/lib/thumb/v7e-m+fp/hard/libc_nano.a(libc_a-findfp.o) (_fflush_r)
/usr/lib/gcc/arm-none-eabi/13.2.1/../../../arm-none-eabi/lib/thumb/v7e-m+fp/hard/libc_nano.a(libc_a-mallocr.o)
                              /usr/lib/gcc/arm-none-eabi/13.2.1/../../../arm-none-eabi/lib/thumb/v7e-m+fp/hard/libc_nano.a(libc_a-findfp.o) (_malloc_r)
/usr/lib/gcc/arm-none-eabi/13.2.1/../../../arm-none-eabi/lib/thumb/v7e-m+fp/hard/libc_nano.a(libc_a-freer.o)
                              /usr/lib/gcc/arm-none-eabi/13.2.1/../../../arm-none-eabi/lib/thumb/v7e-m+fp/hard/libc_nano.a(libc_a-fflush.o) (_free_r)
/usr/lib/gcc/arm-none-eabi/13.2.1/../../../arm-none-eabi/lib/thumb/v7e-m+fp/hard/libc_nano.a(libc_a-fwalk.o)
                              /usr/lib/gcc/arm-none-eabi/13.2.1/../../../arm-none-eabi/lib/thumb/v7e-m+fp/hard/libc_nano.a(libc_a-findfp.o) (_fwalk_sglue)
/usr/lib/gcc/arm-none-eabi/13.2.1/../../../arm-none-eabi/lib/thumb/v7e-m+fp/hard/libc_nano.a(libc_a-__atexit.o)
                              /usr/lib/gcc/arm-none-eabi/13.2.1/../../../arm-none-eabi/lib/thumb/v7e-m+fp/hard/libc_nano.a(libc_a-atexit.o) (__register_exitproc)
/usr/lib/gcc/arm-none-eabi/13.2.1/../../../arm-none-eabi/lib/thumb/v7e-m+fp/hard/libc_nano.a(libc_a-mlock.o)
                              /usr/lib/gcc/arm-none-eabi/13.2.1/../../../arm-none-eabi/lib/thumb/v7e-m+fp/hard/libc_nano.a(libc_a-mallocr.o) (__malloc_lock)
/usr/lib/gcc/arm-none-eabi/13.2.1/../../../arm-none-eabi/lib/thumb/v7e-m+fp/hard/libc_nano.a(libc_a-sbrkr.o)
                              /usr/lib/gcc/arm-none-eabi/13.2.1/../../../arm-none-eabi/lib/thumb/v7e-m+fp/hard/libc_nano.a(libc_a-mallocr.o) (_sbrk_r)
/usr/lib/gcc/arm-none-eabi/13.2.1/../../../arm-none-eabi/lib/thumb/v7e-m+fp/hard/libc_nano.a(libc_a-stdio.o)
                              /usr/lib/gcc/arm-none-eabi/13.2.1/../../../arm-none-eabi/lib/thumb/v7e-m+fp/hard/libc_nano.a(libc_a-findfp.o) (__sread)
/usr/lib/gcc/arm-none-eabi/13.2.1/../../../arm-none-eabi/lib/thumb/v7e-m+fp/hard/libc_nano.a(libc_a-closer.o)
                              /usr/lib/gcc/arm-none-eabi/13.2.1/../../../arm-none-eabi/lib/thumb/v7e-m+fp/hard/libc_nano.a(libc_a-stdio.o) (_close_r)
/usr/lib/gcc/arm-none-eabi/13.2.1/../../../arm-none-eabi/lib/thumb/v7e-m+fp/hard/libc_nano.a(libc_a-__call_atexit.o)
                              /usr/lib/gcc/arm-none-eabi/13.2.1/../../../arm-none-eabi/lib/thumb/v7e-m+fp/hard/libc_nano.a(libc_a-__atexit.o) (__call_exitprocs)
/usr/lib/gcc/arm-none-eabi/13.2.1/../../../arm-none-eabi/lib/thumb/v7e-m+fp/hard/libc_nano.a(libc_a-readr.o)
                              /usr/lib/gcc/arm-none-eabi/13.2.1/../../../arm-none-eabi/lib/thumb/v7e-m+fp/hard/libc_nano.a(libc_a-stdio.o) (_read_r)
/usr/lib/gcc/arm-none-eabi/13.2.1/../../../arm-none-eabi/lib/thumb/v7e-m+fp/hard/libc_nano.a(libc_a-reent.o)
[...]
Memory Configuration

Name             Origin             Length             Attributes
RAM              0x20000000         0x00020000         xrw
FLASH            0x08000000         0x00080000         xr
*default*        0x00000000         0xffffffff

Linker script and memory map

LOAD /usr/lib/gcc/arm-none-eabi/13.2.1/thumb/v7e-m+fp/hard/crti.o
LOAD /usr/lib/gcc/arm-none-eabi/13.2.1/thumb/v7e-m+fp/hard/crtbegin.o
LOAD /usr/lib/gcc/arm-none-eabi/13.2.1/../../../arm-none-eabi/lib/thumb/v7e-m+fp/hard/crt0.o
LOAD build/main.o
LOAD build/gpio.o
LOAD build/adc.o
LOAD build/dma.o
LOAD build/i2c.o
LOAD build/i2s.o
LOAD build/spi.o
LOAD build/tim.o
LOAD build/usb_otg.o
LOAD build/stm32f4xx_it.o
LOAD build/stm32f4xx_hal_msp.o
LOAD build/audio_test.o
LOAD build/stm32f4xx_hal_adc.o
LOAD build/stm32f4xx_hal_adc_ex.o
LOAD build/stm32f4xx_ll_adc.o
LOAD build/stm32f4xx_hal_rcc.o
LOAD build/stm32f4xx_hal_rcc_ex.o
LOAD build/stm32f4xx_hal_flash.o
LOAD build/stm32f4xx_hal_flash_ex.o
LOAD build/stm32f4xx_hal_flash_ramfunc.o
LOAD build/stm32f4xx_hal_gpio.o
LOAD build/stm32f4xx_hal_dma_ex.o
LOAD build/stm32f4xx_hal_dma.o
LOAD build/stm32f4xx_hal_pwr.o
LOAD build/stm32f4xx_hal_pwr_ex.o
LOAD build/stm32f4xx_hal_cortex.o
LOAD build/stm32f4xx_hal.o
LOAD build/stm32f4xx_hal_exti.o
LOAD build/stm32f4xx_hal_i2c.o
LOAD build/stm32f4xx_hal_i2c_ex.o
LOAD build/stm32f4xx_hal_i2s.o
LOAD build/stm32f4xx_hal_i2s_ex.o
LOAD build/stm32f4xx_hal_spi.o
LOAD build/stm32f4xx_hal_tim.o
LOAD build/stm32f4xx_hal_tim_ex.o
LOAD build/stm32f4xx_hal_pcd.o
LOAD build/stm32f4xx_hal_pcd_ex.o
LOAD build/stm32f4xx_ll_usb.o
LOAD build/system_stm32f4xx.o
LOAD build/sysmem.o
LOAD build/syscalls.o
LOAD build/startup_stm32f411xe.o
LOAD /usr/lib/gcc/arm-none-eabi/13.2.1/../../../arm-none-eabi/lib/thumb/v7e-m+fp/hard/libc_nano.a
LOAD /usr/lib/gcc/arm-none-eabi/13.2.1/../../../arm-none-eabi/lib/thumb/v7e-m+fp/hard/libm.a
LOAD /usr/lib/gcc/arm-none-eabi/13.2.1/../../../arm-none-eabi/lib/thumb/v7e-m+fp/hard/libnosys.a
START GROUP
LOAD /usr/lib/gcc/arm-none-eabi/13.2.1/thumb/v7e-m+fp/hard/libgcc.a
LOAD /usr/lib/gcc/arm-none-eabi/13.2.1/../../../arm-none-eabi/lib/thumb/v7e-m+fp/hard/libc_nano.a
END GROUP
START GROUP
LOAD /usr/lib/gcc/arm-none-eabi/13.2.1/thumb/v7e-m+fp/hard/libgcc.a
LOAD /usr/lib/gcc/arm-none-eabi/13.2.1/../../../arm-none-eabi/lib/thumb/v7e-m+fp/hard/libc_nano.a
END GROUP
LOAD /usr/lib/gcc/arm-none-eabi/13.2.1/thumb/v7e-m+fp/hard/crtend.o
LOAD /usr/lib/gcc/arm-none-eabi/13.2.1/thumb/v7e-m+fp/hard/crtn.o
                0x20020000                        _estack = (ORIGIN (RAM) + LENGTH (RAM))
                0x00000200                        _Min_Heap_Size = 0x200
                0x00000400                        _Min_Stack_Size = 0x400

.isr_vector     0x08000000      0x198
                0x08000000                        . = ALIGN (0x4)
 *(.isr_vector)
 .isr_vector    0x08000000      0x198 build/startup_stm32f411xe.o
                0x08000000                g_pfnVectors
                0x08000198                        . = ALIGN (0x4)

.text           0x08000198     0x3f08
                0x08000198                        . = ALIGN (0x4)
 *(.text)
 .text          0x08000198       0x88 /usr/lib/gcc/arm-none-eabi/13.2.1/thumb/v7e-m+fp/hard/crtbegin.o
 .text          0x08000220       0x50 /usr/lib/gcc/arm-none-eabi/13.2.1/../../../arm-none-eabi/lib/thumb/v7e-m+fp/hard/libc_nano.a(libc_a-init.o)
                0x08000220                __libc_init_array
 .text          0x08000270       0xa4 /usr/lib/gcc/arm-none-eabi/13.2.1/../../../arm-none-eabi/lib/thumb/v7e-m+fp/hard/libc_nano.a(libc_a-memset.o)
                0x08000270                memset
 .text          0x08000314       0x74 /usr/lib/gcc/arm-none-eabi/13.2.1/../../../arm-none-eabi/lib/thumb/v7e-m+fp/hard/libm.a(libm_a-sf_sin.o)
                0x08000314                sinf
 .text          0x08000388       0x90 /usr/lib/gcc/arm-none-eabi/13.2.1/../../../arm-none-eabi/lib/thumb/v7e-m+fp/hard/libm.a(libm_a-kf_sin.o)
                0x08000388                __kernel_sinf
 .text          0x08000418      0x260 /usr/lib/gcc/arm-none-eabi/13.2.1/../../../arm-none-eabi/lib/thumb/v7e-m+fp/hard/libm.a(libm_a-ef_rem_pio2.o)
                0x08000418                __ieee754_rem_pio2f
 .text          0x08000678       0x10 /usr/lib/gcc/arm-none-eabi/13.2.1/../../../arm-none-eabi/lib/thumb/v7e-m+fp/hard/libm.a(libm_a-sf_fabs.o)
                0x08000678                fabsf
 .text          0x08000688      0x63c /usr/lib/gcc/arm-none-eabi/13.2.1/../../../arm-none-eabi/lib/thumb/v7e-m+fp/hard/libm.a(libm_a-kf_rem_pio2.o)
                0x08000688                __kernel_rem_pio2f
 .text          0x08000cc4       0xe4 /usr/lib/gcc/arm-none-eabi/13.2.1/../../../arm-none-eabi/lib/thumb/v7e-m+fp/hard/libm.a(libm_a-sf_scalbn.o)
                0x08000cc4                scalbnf
 .text          0x08000da8      0x104 /usr/lib/gcc/arm-none-eabi/13.2.1/../../../arm-none-eabi/lib/thumb/v7e-m+fp/hard/libm.a(libm_a-kf_cos.o)
                0x08000da8                __kernel_cosf
 .text          0x08000eac       0x94 /usr/lib/gcc/arm-none-eabi/13.2.1/../../../arm-none-eabi/lib/thumb/v7e-m+fp/hard/libm.a(libm_a-sf_floor.o)
                0x08000eac                floorf
 .text          0x08000f40       0x30 /usr/lib/gcc/arm-none-eabi/13.2.1/thumb/v7e-m+fp/hard/libgcc.a(_aeabi_uldivmod.o)
                0x08000f40                __aeabi_uldivmod
 .text          0x08000f70      0x2bc /usr/lib/gcc/arm-none-eabi/13.2.1/thumb/v7e-m+fp/hard/libgcc.a(_udivmoddi4.o)
                0x08000f70                __udivmoddi4
 .text          0x0800122c        0x4 /usr/lib/gcc/arm-none-eabi/13.2.1/thumb/v7e-m+fp/hard/libgcc.a(_dvmd_tls.o)
                0x0800122c                __aeabi_ldiv0
                0x0800122c                __aeabi_idiv0
 *(.text*)
 .text.Error_Handler
                0x08001230        0x4 build/main.o
                0x08001230                Error_Handler
 .text.SystemClock_Config
                0x08001234       0xa8 build/main.o
                0x08001234                SystemClock_Config
 .text.main     0x080012dc       0x4c build/main.o
                0x080012dc                main
 .text.MX_GPIO_Init
                0x08001328       0xf0 build/gpio.o
                0x08001328                MX_GPIO_Init
 .text.MX_ADC1_Init
                0x08001418       0x70 build/adc.o
                0x08001418                MX_ADC1_Init
 .text.HAL_ADC_MspInit
                0x08001488       0x68 build/adc.o
                0x08001488                HAL_ADC_MspInit
 .text.MX_DMA_Init
                0x080014f0       0x58 build/dma.o
                0x080014f0                MX_DMA_Init
 .text.MX_I2C1_Init
                0x08001548       0x3c build/i2c.o
                0x08001548                MX_I2C1_Init
 .text.HAL_I2C_MspInit
                0x08001584       0x70 build/i2c.o
                0x08001584                HAL_I2C_MspInit
 .text.MX_I2S1_Init
                0x080015f4       0x3c build/i2s.o
                0x080015f4                MX_I2S1_Init
 .text.HAL_I2S_MspInit
                0x08001630       0xec build/i2s.o
                0x08001630                HAL_I2S_MspInit
 .text.MX_SPI2_Init
                0x0800171c       0x40 build/spi.o
                0x0800171c                MX_SPI2_Init
 .text.HAL_SPI_MspInit
                0x0800175c       0x70 build/spi.o
                0x0800175c                HAL_SPI_MspInit
 .text.HAL_TIM_PWM_MspInit
                0x080017cc       0x74 build/tim.o
                0x080017cc                HAL_TIM_PWM_MspInit
 .text.HAL_TIM_MspPostInit
                0x08001840       0x54 build/tim.o
                0x08001840                HAL_TIM_MspPostInit
 .text.MX_TIM2_Init
                0x08001894       0x7c build/tim.o
                0x08001894                MX_TIM2_Init
 .text.MX_USB_OTG_FS_PCD_Init
                0x08001910       0x34 build/usb_otg.o
                0x08001910                MX_USB_OTG_FS_PCD_Init
 .text.HAL_PCD_MspInit
                0x08001944       0x74 build/usb_otg.o
                0x08001944                HAL_PCD_MspInit
 .text.NMI_Handler
                0x080019b8        0x2 build/stm32f4xx_it.o
                0x080019b8                NMI_Handler
 .text.HardFault_Handler
                0x080019ba        0x2 build/stm32f4xx_it.o
                0x080019ba                HardFault_Handler
 .text.MemManage_Handler
                0x080019bc        0x2 build/stm32f4xx_it.o
                0x080019bc                MemManage_Handler
 .text.BusFault_Handler
                0x080019be        0x2 build/stm32f4xx_it.o
                0x080019be                BusFault_Handler
 .text.UsageFault_Handler
                0x080019c0        0x2 build/stm32f4xx_it.o
                0x080019c0                UsageFault_Handler
 .text.SVC_Handler
                0x080019c2        0x2 build/stm32f4xx_it.o
                0x080019c2                SVC_Handler
 .text.DebugMon_Handler
                0x080019c4        0x2 build/stm32f4xx_it.o
                0x080019c4                DebugMon_Handler
 .text.PendSV_Handler
                0x080019c6        0x2 build/stm32f4xx_it.o
                0x080019c6                PendSV_Handler
 .text.SysTick_Handler
                0x080019c8        0x8 build/stm32f4xx_it.o
                0x080019c8                SysTick_Handler
 .text.DMA1_Stream5_IRQHandler
                0x080019d0       0x10 build/stm32f4xx_it.o
                0x080019d0                DMA1_Stream5_IRQHandler
 .text.DMA2_Stream2_IRQHandler
                0x080019e0       0x10 build/stm32f4xx_it.o
                0x080019e0                DMA2_Stream2_IRQHandler
 .text.HAL_MspInit
                0x080019f0       0x38 build/stm32f4xx_hal_msp.o
                0x080019f0                HAL_MspInit
 .text.audio_buffer_put_frame
                0x08001a28       0x2c build/audio_test.o
 .text.fill_audio_buffer
                0x08001a54       0x30 build/audio_test.o
 .text.sine_table_init
                0x08001a84       0x54 build/audio_test.o
 .text.audio_test_start
                0x08001ad8       0x28 build/audio_test.o
                0x08001ad8                audio_test_start
 .text.ADC_Init
                0x08001b00      0x134 build/stm32f4xx_hal_adc.o
 .text.HAL_ADC_Init
                0x08001c34       0x56 build/stm32f4xx_hal_adc.o
                0x08001c34                HAL_ADC_Init
 *fill*         0x08001c8a        0x2 
 .text.HAL_ADC_ConfigChannel
                0x08001c8c      0x1ac build/stm32f4xx_hal_adc.o
                0x08001c8c                HAL_ADC_ConfigChannel
 .text.HAL_RCC_OscConfig
                0x08001e38      0x3f8 build/stm32f4xx_hal_rcc.o
                0x08001e38                HAL_RCC_OscConfig
 .text.HAL_RCC_GetSysClockFreq
                0x08002230       0xdc build/stm32f4xx_hal_rcc.o
                0x08002230                HAL_RCC_GetSysClockFreq
 .text.HAL_RCC_ClockConfig
                0x0800230c      0x160 build/stm32f4xx_hal_rcc.o
                0x0800230c                HAL_RCC_ClockConfig
 .text.HAL_RCC_GetHCLKFreq
                0x0800246c        0xc build/stm32f4xx_hal_rcc.o
                0x0800246c                HAL_RCC_GetHCLKFreq
 .text.HAL_RCC_GetPCLK1Freq
                0x08002478       0x20 build/stm32f4xx_hal_rcc.o
                0x08002478                HAL_RCC_GetPCLK1Freq
 .text.HAL_RCCEx_PeriphCLKConfig
                0x08002498      0x170 build/stm32f4xx_hal_rcc_ex.o
                0x08002498                HAL_RCCEx_PeriphCLKConfig
 .text.HAL_RCCEx_GetPeriphCLKFreq
                0x08002608       0x74 build/stm32f4xx_hal_rcc_ex.o
                0x08002608                HAL_RCCEx_GetPeriphCLKFreq
 .text.HAL_GPIO_Init
                0x0800267c      0x1c8 build/stm32f4xx_hal_gpio.o
                0x0800267c                HAL_GPIO_Init
 .text.HAL_GPIO_WritePin
                0x08002844        0xc build/stm32f4xx_hal_gpio.o
                0x08002844                HAL_GPIO_WritePin
 .text.DMA_SetConfig
                0x08002850       0x2c build/stm32f4xx_hal_dma.o
 .text.DMA_CalcBaseAndBitshift
                0x0800287c       0x3c build/stm32f4xx_hal_dma.o
 .text.DMA_CheckFifoParam
                0x080028b8       0x8e build/stm32f4xx_hal_dma.o
 *fill*         0x08002946        0x2 
 .text.HAL_DMA_Init
                0x08002948       0xcc build/stm32f4xx_hal_dma.o
                0x08002948                HAL_DMA_Init
 .text.HAL_DMA_Start_IT
                0x08002a14       0x6a build/stm32f4xx_hal_dma.o
                0x08002a14                HAL_DMA_Start_IT
 *fill*         0x08002a7e        0x2 
 .text.HAL_DMA_IRQHandler
                0x08002a80      0x1dc build/stm32f4xx_hal_dma.o
                0x08002a80                HAL_DMA_IRQHandler
 .text.__NVIC_EnableIRQ
                0x08002c5c       0x1c build/stm32f4xx_hal_cortex.o
 .text.__NVIC_SetPriority
                0x08002c78       0x28 build/stm32f4xx_hal_cortex.o
 .text.NVIC_EncodePriority
                0x08002ca0       0x3e build/stm32f4xx_hal_cortex.o
 *fill*         0x08002cde        0x2 
 .text.HAL_NVIC_SetPriorityGrouping
                0x08002ce0       0x24 build/stm32f4xx_hal_cortex.o
                0x08002ce0                HAL_NVIC_SetPriorityGrouping
 .text.HAL_NVIC_SetPriority
                0x08002d04       0x20 build/stm32f4xx_hal_cortex.o
                0x08002d04                HAL_NVIC_SetPriority
 .text.HAL_NVIC_EnableIRQ
                0x08002d24        0x8 build/stm32f4xx_hal_cortex.o
                0x08002d24                HAL_NVIC_EnableIRQ
 .text.HAL_SYSTICK_Config
                0x08002d2c       0x28 build/stm32f4xx_hal_cortex.o
                0x08002d2c                HAL_SYSTICK_Config
 .text.HAL_InitTick
                0x08002d54       0x4c build/stm32f4xx_hal.o
                0x08002d54                HAL_InitTick
 .text.HAL_Init
                0x08002da0       0x34 build/stm32f4xx_hal.o
                0x08002da0                HAL_Init
 .text.HAL_IncTick
                0x08002dd4       0x18 build/stm32f4xx_hal.o
                0x08002dd4                HAL_IncTick
 .text.HAL_GetTick
                0x08002dec        0xc build/stm32f4xx_hal.o
                0x08002dec                HAL_GetTick
 .text.HAL_Delay
                0x08002df8       0x28 build/stm32f4xx_hal.o
                0x08002df8                HAL_Delay
 .text.HAL_I2C_Init
                0x08002e20      0x1bc build/stm32f4xx_hal_i2c.o
                0x08002e20                HAL_I2C_Init
 .text.HAL_I2S_Init
                0x08002fdc      0x19c build/stm32f4xx_hal_i2s.o
                0x08002fdc                HAL_I2S_Init
 .text.HAL_I2S_Transmit_DMA
                0x08003178       0xd4 build/stm32f4xx_hal_i2s.o
                0x08003178                HAL_I2S_Transmit_DMA
 .text.HAL_I2S_TxHalfCpltCallback
                0x0800324c        0x2 build/stm32f4xx_hal_i2s.o
                0x0800324c                HAL_I2S_TxHalfCpltCallback
 .text.I2S_DMATxHalfCplt
                0x0800324e        0xa build/stm32f4xx_hal_i2s.o
 .text.HAL_I2S_TxCpltCallback
                0x08003258        0x2 build/stm32f4xx_hal_i2s.o
                0x08003258                HAL_I2S_TxCpltCallback
 .text.I2S_Transmit_IT
                0x0800325a       0x38 build/stm32f4xx_hal_i2s.o
 .text.I2S_DMATxCplt
                0x08003292       0x24 build/stm32f4xx_hal_i2s.o
 .text.HAL_I2S_RxCpltCallback
                0x080032b6        0x2 build/stm32f4xx_hal_i2s.o
                0x080032b6                HAL_I2S_RxCpltCallback
 .text.I2S_Receive_IT
                0x080032b8       0x38 build/stm32f4xx_hal_i2s.o
 .text.HAL_I2S_ErrorCallback
                0x080032f0        0x2 build/stm32f4xx_hal_i2s.o
                0x080032f0                HAL_I2S_ErrorCallback
 .text.I2S_IRQHandler
                0x080032f2       0xd0 build/stm32f4xx_hal_i2s.o
 .text.I2S_DMAError
                0x080033c2       0x28 build/stm32f4xx_hal_i2s.o
 .text.HAL_I2SEx_TxRxCpltCallback
                0x080033ea        0x2 build/stm32f4xx_hal_i2s_ex.o
                0x080033ea                HAL_I2SEx_TxRxCpltCallback
 .text.I2SEx_TxISR_I2S
                0x080033ec       0x3c build/stm32f4xx_hal_i2s_ex.o
 .text.I2SEx_RxISR_I2SExt
                0x08003428       0x64 build/stm32f4xx_hal_i2s_ex.o
 .text.I2SEx_TxISR_I2SExt
                0x0800348c       0x64 build/stm32f4xx_hal_i2s_ex.o
 .text.I2SEx_RxISR_I2S
                0x080034f0       0x3c build/stm32f4xx_hal_i2s_ex.o
 .text.HAL_I2SEx_FullDuplex_IRQHandler
                0x0800352c      0x1d8 build/stm32f4xx_hal_i2s_ex.o
                0x0800352c                HAL_I2SEx_FullDuplex_IRQHandler
 .text.HAL_SPI_Init
                0x08003704       0xbe build/stm32f4xx_hal_spi.o
                0x08003704                HAL_SPI_Init
 *fill*         0x080037c2        0x2 
 .text.TIM_OC1_SetConfig
                0x080037c4       0x54 build/stm32f4xx_hal_tim.o
 .text.TIM_OC3_SetConfig
                0x08003818       0x5c build/stm32f4xx_hal_tim.o
 .text.TIM_OC4_SetConfig
                0x08003874       0x48 build/stm32f4xx_hal_tim.o
 .text.TIM_Base_SetConfig
                0x080038bc       0xa4 build/stm32f4xx_hal_tim.o
                0x080038bc                TIM_Base_SetConfig
 .text.HAL_TIM_PWM_Init
                0x08003960       0x58 build/stm32f4xx_hal_tim.o
                0x08003960                HAL_TIM_PWM_Init
 .text.TIM_OC2_SetConfig
                0x080039b8       0x5c build/stm32f4xx_hal_tim.o
                0x080039b8                TIM_OC2_SetConfig
 .text.HAL_TIM_PWM_ConfigChannel
                0x08003a14       0xdc build/stm32f4xx_hal_tim.o
                0x08003a14                HAL_TIM_PWM_ConfigChannel
 .text.HAL_TIMEx_MasterConfigSynchronization
                0x08003af0       0x7c build/stm32f4xx_hal_tim_ex.o
                0x08003af0                HAL_TIMEx_MasterConfigSynchronization
 .text.HAL_PCD_Init
                0x08003b6c      0x102 build/stm32f4xx_hal_pcd.o
                0x08003b6c                HAL_PCD_Init
 .text.USB_CoreReset
                0x08003c6e       0x58 build/stm32f4xx_ll_usb.o
 .text.USB_CoreInit
                0x08003cc6       0x92 build/stm32f4xx_ll_usb.o
                0x08003cc6                USB_CoreInit
 .text.USB_DisableGlobalInt
                0x08003d58        0xc build/stm32f4xx_ll_usb.o
                0x08003d58                USB_DisableGlobalInt
 .text.USB_FlushTxFifo
                0x08003d64       0x4a build/stm32f4xx_ll_usb.o
                0x08003d64                USB_FlushTxFifo
 .text.USB_FlushRxFifo
                0x08003dae       0x46 build/stm32f4xx_ll_usb.o
                0x08003dae                USB_FlushRxFifo
 .text.USB_SetDevSpeed
                0x08003df4        0xe build/stm32f4xx_ll_usb.o
                0x08003df4                USB_SetDevSpeed
 *fill*         0x08003e02        0x2 
 .text.USB_DevInit
                0x08003e04      0x194 build/stm32f4xx_ll_usb.o
                0x08003e04                USB_DevInit
 .text.USB_DevDisconnect
                0x08003f98       0x1c build/stm32f4xx_ll_usb.o
                0x08003f98                USB_DevDisconnect
 .text.USB_GetMode
                0x08003fb4        0x8 build/stm32f4xx_ll_usb.o
                0x08003fb4                USB_GetMode
 .text.USB_SetCurrentMode
                0x08003fbc       0x62 build/stm32f4xx_ll_usb.o
                0x08003fbc                USB_SetCurrentMode
 *fill*         0x0800401e        0x2 
 .text.SystemInit
                0x08004020       0x14 build/system_stm32f4xx.o
                0x08004020                SystemInit
 .text.Reset_Handler
                0x08004034       0x50 build/startup_stm32f411xe.o
                0x08004034                Reset_Handler
 .text.Default_Handler
                0x08004084        0x2 build/startup_stm32f411xe.o
                0x08004084                RTC_Alarm_IRQHandler
                0x08004084                EXTI2_IRQHandler
                0x08004084                SPI4_IRQHandler
                0x08004084                TIM1_CC_IRQHandler
                0x08004084                DMA2_Stream5_IRQHandler
                0x08004084                PVD_IRQHandler
                0x08004084                SDIO_IRQHandler
                0x08004084                TAMP_STAMP_IRQHandler
                0x08004084                EXTI3_IRQHandler
                0x08004084                TIM1_UP_TIM10_IRQHandler
                0x08004084                I2C3_ER_IRQHandler
                0x08004084                EXTI0_IRQHandler
                0x08004084                I2C2_EV_IRQHandler
                0x08004084                DMA1_Stream2_IRQHandler
                0x08004084                FPU_IRQHandler
                0x08004084                SPI1_IRQHandler
                0x08004084                TIM1_BRK_TIM9_IRQHandler
                0x08004084                DMA2_Stream3_IRQHandler
                0x08004084                USART6_IRQHandler
                0x08004084                DMA2_Stream0_IRQHandler
                0x08004084                TIM4_IRQHandler
                0x08004084                I2C1_EV_IRQHandler
                0x08004084                DMA1_Stream6_IRQHandler
                0x08004084                DMA1_Stream1_IRQHandler
                0x08004084                TIM3_IRQHandler
                0x08004084                RCC_IRQHandler
                0x08004084                Default_Handler
                0x08004084                EXTI15_10_IRQHandler
                0x08004084                ADC_IRQHandler
                0x08004084                DMA1_Stream7_IRQHandler
                0x08004084                SPI5_IRQHandler
                0x08004084                TIM5_IRQHandler
                0x08004084                DMA2_Stream7_IRQHandler
                0x08004084                I2C3_EV_IRQHandler
                0x08004084                EXTI9_5_IRQHandler
                0x08004084                RTC_WKUP_IRQHandler
                0x08004084                SPI2_IRQHandler
                0x08004084                DMA1_Stream0_IRQHandler
                0x08004084                EXTI4_IRQHandler
                0x08004084                WWDG_IRQHandler
                0x08004084                TIM2_IRQHandler
                0x08004084                OTG_FS_WKUP_IRQHandler
                0x08004084                TIM1_TRG_COM_TIM11_IRQHandler
                0x08004084                EXTI1_IRQHandler
                0x08004084                USART2_IRQHandler
                0x08004084                I2C2_ER_IRQHandler
                0x08004084                DMA2_Stream1_IRQHandler
                0x08004084                FLASH_IRQHandler
                0x08004084                DMA2_Stream4_IRQHandler
                0x08004084                USART1_IRQHandler
                0x08004084                OTG_FS_IRQHandler
                0x08004084                SPI3_IRQHandler
                0x08004084                DMA1_Stream4_IRQHandler
                0x08004084                I2C1_ER_IRQHandler
                0x08004084                DMA2_Stream6_IRQHandler
                0x08004084                DMA1_Stream3_IRQHandler
 *(.glue_7)
 .glue_7        0x08004086        0x0 linker stubs
 *(.glue_7t)
 .glue_7t       0x08004086        0x0 linker stubs
 *(.eh_frame)
 *fill*         0x08004086        0x2 
 .eh_frame      0x08004088        0x0 /usr/lib/gcc/arm-none-eabi/13.2.1/thumb/v7e-m+fp/hard/crtbegin.o
 *(.init)
 .init          0x08004088        0x4 /usr/lib/gcc/arm-none-eabi/13.2.1/thumb/v7e-m+fp/hard/crti.o
                0x08004088                _init
 .init          0x0800408c        0x8 /usr/lib/gcc/arm-none-eabi/13.2.1/thumb/v7e-m+fp/hard/crtn.o
 *(.fini)
 .fini          0x08004094        0x4 /usr/lib/gcc/arm-none-eabi/13.2.1/thumb/v7e-m+fp/hard/crti.o
                0x08004094                _fini
 .fini          0x08004098        0x8 /usr/lib/gcc/arm-none-eabi/13.2.1/thumb/v7e-m+fp/hard/crtn.o
                0x080040a0                        . = ALIGN (0x4)
                0x080040a0                        _etext = .

.vfp11_veneer   0x080040a0        0x0
 .vfp11_veneer  0x080040a0        0x0 linker stubs

.v4_bx          0x080040a0        0x0
 .v4_bx         0x080040a0        0x0 linker stubs

.iplt           0x080040a0        0x0
 .iplt          0x080040a0        0x0 /usr/lib/gcc/arm-none-eabi/13.2.1/thumb/v7e-m+fp/hard/crtbegin.o

.rodata         0x080040a0      0x3f0
                0x080040a0                        . = ALIGN (0x4)
 *(.rodata)
 .rodata        0x080040a0      0x398 /usr/lib/gcc/arm-none-eabi/13.2.1/../../../arm-none-eabi/lib/thumb/v7e-m+fp/hard/libm.a(libm_a-ef_rem_pio2.o)
 .rodata        0x08004438       0x38 /usr/lib/gcc/arm-none-eabi/13.2.1/../../../arm-none-eabi/lib/thumb/v7e-m+fp/hard/libm.a(libm_a-kf_rem_pio2.o)
 *(.rodata*)
 .rodata.flagBitshiftOffset.0
                0x08004470        0x8 build/stm32f4xx_hal_dma.o
 .rodata.APBPrescTable
                0x08004478        0x8 build/system_stm32f4xx.o
                0x08004478                APBPrescTable
 .rodata.AHBPrescTable
                0x08004480       0x10 build/system_stm32f4xx.o
                0x08004480                AHBPrescTable
                0x08004490                        . = ALIGN (0x4)

.ARM.extab      0x08004490        0x0
                0x08004490                        . = ALIGN (0x4)
 *(.ARM.extab* .gnu.linkonce.armextab.*)
                0x08004490                        . = ALIGN (0x4)

.ARM            0x08004490        0x8
                0x08004490                        . = ALIGN (0x4)
                0x08004490                        __exidx_start = .
 *(.ARM.exidx*)
 .ARM.exidx     0x08004490        0x8 /usr/lib/gcc/arm-none-eabi/13.2.1/thumb/v7e-m+fp/hard/libgcc.a(_udivmoddi4.o)
                0x08004498                        __exidx_end = .
                0x08004498                        . = ALIGN (0x4)

.preinit_array  0x08004498        0x0
                0x08004498                        . = ALIGN (0x4)
                0x08004498                        PROVIDE (__preinit_array_start = .)
 *(.preinit_array*)
                0x08004498                        PROVIDE (__preinit_array_end = .)
                0x08004498                        . = ALIGN (0x4)

.init_array     0x08004498        0x4
                0x08004498                        . = ALIGN (0x4)
                0x08004498                        PROVIDE (__init_array_start = .)
 *(SORT_BY_NAME(.init_array.*))
 *(.init_array*)
 .init_array    0x08004498        0x4 /usr/lib/gcc/arm-none-eabi/13.2.1/thumb/v7e-m+fp/hard/crtbegin.o
                0x0800449c                        PROVIDE (__init_array_end = .)
                0x0800449c                        . = ALIGN (0x4)

.fini_array     0x0800449c        0x4
                0x0800449c                        . = ALIGN (0x4)
                0x0800449c                        PROVIDE (__fini_array_start = .)
 *(SORT_BY_NAME(.fini_array.*))
 *(.fini_array*)
 .fini_array    0x0800449c        0x4 /usr/lib/gcc/arm-none-eabi/13.2.1/thumb/v7e-m+fp/hard/crtbegin.o
                0x080044a0                        PROVIDE (__fini_array_end = .)
                0x080044a0                        . = ALIGN (0x4)
                0x080044a0                        _sidata = LOADADDR (.data)

.rel.dyn        0x080044a0        0x0
 .rel.iplt      0x080044a0        0x0 /usr/lib/gcc/arm-none-eabi/13.2.1/thumb/v7e-m+fp/hard/crtbegin.o

.data           0x20000000        0xc load address 0x080044a0
                0x20000000                        . = ALIGN (0x4)
                0x20000000                        _sdata = .
 *(.data)
 *(.data*)
 .data.uwTickFreq
                0x20000000        0x1 build/stm32f4xx_hal.o
                0x20000000                uwTickFreq
 *fill*         0x20000001        0x3 
 .data.uwTickPrio
                0x20000004        0x4 build/stm32f4xx_hal.o
                0x20000004                uwTickPrio
 .data.SystemCoreClock
                0x20000008        0x4 build/system_stm32f4xx.o
                0x20000008                SystemCoreClock
 *(.RamFunc)
 *(.RamFunc*)
                0x2000000c                        . = ALIGN (0x4)
                0x2000000c                        _edata = .

.tm_clone_table
                0x2000000c        0x0 load address 0x080044ac
 .tm_clone_table
                0x2000000c        0x0 /usr/lib/gcc/arm-none-eabi/13.2.1/thumb/v7e-m+fp/hard/crtbegin.o
 .tm_clone_table
                0x2000000c        0x0 /usr/lib/gcc/arm-none-eabi/13.2.1/thumb/v7e-m+fp/hard/crtend.o

.igot.plt       0x2000000c        0x0 load address 0x080044ac
 .igot.plt      0x2000000c        0x0 /usr/lib/gcc/arm-none-eabi/13.2.1/thumb/v7e-m+fp/hard/crtbegin.o
                0x2000000c                        . = ALIGN (0x4)

.bss            0x2000000c     0x1dc8 load address 0x080044ac
                0x2000000c                        _sbss = .
                0x2000000c                        __bss_start__ = _sbss
 *(.bss)
 .bss           0x2000000c       0x1c /usr/lib/gcc/arm-none-eabi/13.2.1/thumb/v7e-m+fp/hard/crtbegin.o
 *(.bss*)
 .bss.hadc1     0x20000028       0x48 build/adc.o
                0x20000028                hadc1
 .bss.hi2c1     0x20000070       0x54 build/i2c.o
                0x20000070                hi2c1
 .bss.hdma_spi1_tx
                0x200000c4       0x60 build/i2s.o
                0x200000c4                hdma_spi1_tx
 .bss.hi2s1     0x20000124       0x48 build/i2s.o
                0x20000124                hi2s1
 .bss.hspi2     0x2000016c       0x58 build/spi.o
                0x2000016c                hspi2
 .bss.hdma_tim2_ch1
                0x200001c4       0x60 build/tim.o
                0x200001c4                hdma_tim2_ch1
 .bss.htim2     0x20000224       0x48 build/tim.o
                0x20000224                htim2
 .bss.hpcd_USB_OTG_FS
                0x2000026c      0x4e4 build/usb_otg.o
                0x2000026c                hpcd_USB_OTG_FS
 .bss.sine_table
                0x20000750      0x780 build/audio_test.o
 .bss.audio_buffer
                0x20000ed0      0xf00 build/audio_test.o
 .bss.uwTick    0x20001dd0        0x4 build/stm32f4xx_hal.o
                0x20001dd0                uwTick
 *(COMMON)
                0x20001dd4                        . = ALIGN (0x4)
                0x20001dd4                        _ebss = .
                0x20001dd4                        __bss_end__ = _ebss

._user_heap_stack
                0x20001dd4      0x604 load address 0x080044ac
                0x20001dd8                        . = ALIGN (0x8)
 *fill*         0x20001dd4        0x4 
                [!provide]                        PROVIDE (end = .)
                0x20001dd8                        PROVIDE (_end = .)
                0x20001fd8                        . = (. + _Min_Heap_Size)
 *fill*         0x20001dd8      0x200 
                0x200023d8                        . = (. + _Min_Stack_Size)
 *fill*         0x20001fd8      0x400 
                0x200023d8                        . = ALIGN (0x8)

/DISCARD/
 libc.a(*)
 libm.a(*)
 libgcc.a(*)
OUTPUT(build/MP3-Player-Firmware.elf elf32-littlearm)
LOAD linker stubs
LOAD /usr/lib/gcc/arm-none-eabi/13.2.1/../../../arm-none-eabi/lib/thumb/v7e-m+fp/hard/libc.a
LOAD /usr/lib/gcc/arm-none-eabi/13.2.1/../../../arm-none-eabi/lib/thumb/v7e-m+fp/hard/libm.a
LOAD /usr/lib/gcc/arm-none-eabi/13.2.1/thumb/v7e-m+fp/hard/libgcc.a

.ARM.attributes
                0x00000000       0x30
 .ARM.attributes
                0x00000000       0x22 /usr/lib/gcc/arm-none-eabi/13.2.1/thumb/v7e-m+fp/hard/crti.o
 .ARM.attributes
                0x00000022       0x34 /usr/lib/gcc/arm-none-eabi/13.2.1/thumb/v7e-m+fp/hard/crtbegin.o
 .ARM.attributes
                0x00000056       0x34 build/main.o
 .ARM.attributes
                0x0000008a       0x34 build/gpio.o
 .ARM.attributes
                0x000000be       0x34 build/adc.o
 .ARM.attributes
                0x000000f2       0x34 build/dma.o
 .ARM.attributes
                0x00000126       0x34 build/i2c.o
 .ARM.attributes
                0x0000015a       0x34 build/i2s.o
 .ARM.attributes
                0x0000018e       0x34 build/spi.o
 .ARM.attributes
                0x000001c2       0x34 build/tim.o
 .ARM.attributes
                0x000001f6       0x34 build/usb_otg.o
 .ARM.attributes
                0x0000022a       0x34 build/stm32f4xx_it.o
 .ARM.attributes
                0x0000025e       0x34 build/stm32f4xx_hal_msp.o
 .ARM.attributes
                0x00000292       0x34 build/audio_test.o
 .ARM.attributes
                0x000002c6       0x34 build/stm32f4xx_hal_adc.o
 .ARM.attributes
                0x000002fa       0x34 build/stm32f4xx_hal_rcc.o
 .ARM.attributes
                0x0000032e       0x34 build/stm32f4xx_hal_rcc_ex.o
 .ARM.attributes
                0x00000362       0x34 build/stm32f4xx_hal_gpio.o
 .ARM.attributes
                0x00000396       0x34 build/stm32f4xx_hal_dma.o
 .ARM.attributes
                0x000003ca       0x34 build/stm32f4xx_hal_cortex.o
 .ARM.attributes
                0x000003fe       0x34 build/stm32f4xx_hal.o
 .ARM.attributes
                0x00000432       0x34 build/stm32f4xx_hal_i2c.o
 .ARM.attributes
                0x00000466       0x34 build/stm32f4xx_hal_i2s.o
 .ARM.attributes
                0x0000049a       0x34 build/stm32f4xx_hal_i2s_ex.o
 .ARM.attributes
                0x000004ce       0x34 build/stm32f4xx_hal_spi.o
 .ARM.attributes
                0x00000502       0x34 build/stm32f4xx_hal_tim.o
 .ARM.attributes
                0x00000536       0x34 build/stm32f4xx_hal_tim_ex.o
 .ARM.attributes
                0x0000056a       0x34 build/stm32f4xx_hal_pcd.o
 .ARM.attributes
                0x0000059e       0x34 build/stm32f4xx_ll_usb.o
 .ARM.attributes
                0x000005d2       0x34 build/system_stm32f4xx.o
 .ARM.attributes
                0x00000606       0x21 build/startup_stm32f411xe.o
 .ARM.attributes
                0x00000627       0x34 /usr/lib/gcc/arm-none-eabi/13.2.1/../../../arm-none-eabi/lib/thumb/v7e-m+fp/hard/libc_nano.a(libc_a-init.o)
 .ARM.attributes
                0x0000065b       0x34 /usr/lib/gcc/arm-none-eabi/13.2.1/../../../arm-none-eabi/lib/thumb/v7e-m+fp/hard/libc_nano.a(libc_a-memset.o)
 .ARM.attributes
                0x0000068f       0x34 /usr/lib/gcc/arm-none-eabi/13.2.1/../../../arm-none-eabi/lib/thumb/v7e-m+fp/hard/libm.a(libm_a-sf_sin.o)
 .ARM.attributes
                0x000006c3       0x34 /usr/lib/gcc/arm-none-eabi/13.2.1/../../../arm-none-eabi/lib/thumb/v7e-m+fp/hard/libm.a(libm_a-kf_sin.o)
 .ARM.attributes
                0x000006f7       0x34 /usr/lib/gcc/arm-none-eabi/13.2.1/../../../arm-none-eabi/lib/thumb/v7e-m+fp/hard/libm.a(libm_a-ef_rem_pio2.o)
 .ARM.attributes
                0x0000072b       0x34 /usr/lib/gcc/arm-none-eabi/13.2.1/../../../arm-none-eabi/lib/thumb/v7e-m+fp/hard/libm.a(libm_a-sf_fabs.o)
 .ARM.attributes
                0x0000075f       0x34 /usr/lib/gcc/arm-none-eabi/13.2.1/../../../arm-none-eabi/lib/thumb/v7e-m+fp/hard/libm.a(libm_a-kf_rem_pio2.o)
 .ARM.attributes
                0x00000793       0x34 /usr/lib/gcc/arm-none-eabi/13.2.1/../../../arm-none-eabi/lib/thumb/v7e-m+fp/hard/libm.a(libm_a-sf_scalbn.o)
 .ARM.attributes
                0x000007c7       0x34 /usr/lib/gcc/arm-none-eabi/13.2.1/../../../arm-none-eabi/lib/thumb/v7e-m+fp/hard/libm.a(libm_a-kf_cos.o)
 .ARM.attributes
                0x000007fb       0x34 /usr/lib/gcc/arm-none-eabi/13.2.1/../../../arm-none-eabi/lib/thumb/v7e-m+fp/hard/libm.a(libm_a-sf_floor.o)
 .ARM.attributes
                0x0000082f       0x22 /usr/lib/gcc/arm-none-eabi/13.2.1/thumb/v7e-m+fp/hard/libgcc.a(_aeabi_uldivmod.o)
 .ARM.attributes
                0x00000851       0x34 /usr/lib/gcc/arm-none-eabi/13.2.1/thumb/v7e-m+fp/hard/libgcc.a(_udivmoddi4.o)
 .ARM.attributes
                0x00000885       0x22 /usr/lib/gcc/arm-none-eabi/13.2.1/thumb/v7e-m+fp/hard/libgcc.a(_dvmd_tls.o)
 .ARM.attributes
                0x000008a7       0x34 /usr/lib/gcc/arm-none-eabi/13.2.1/thumb/v7e-m+fp/hard/crtend.o
 .ARM.attributes
                0x000008db       0x22 /usr/lib/gcc/arm-none-eabi/13.2.1/thumb/v7e-m+fp/hard/crtn.o

.comment        0x00000000       0x26
 .comment       0x00000000       0x26 /usr/lib/gcc/arm-none-eabi/13.2.1/thumb/v7e-m+fp/hard/crtbegin.o
                                 0x27 (size before relaxing)
 .comment       0x00000026       0x27 build/main.o
 .comment       0x00000026       0x27 build/gpio.o
 .comment       0x00000026       0x27 build/adc.o
 .comment       0x00000026       0x27 build/dma.o
 .comment       0x00000026       0x27 build/i2c.o
 .comment       0x00000026       0x27 build/i2s.o
 .comment       0x00000026       0x27 build/spi.o
 .comment       0x00000026       0x27 build/tim.o
 .comment       0x00000026       0x27 build/usb_otg.o
 .comment       0x00000026       0x27 build/stm32f4xx_it.o
 .comment       0x00000026       0x27 build/stm32f4xx_hal_msp.o
 .comment       0x00000026       0x27 build/audio_test.o
 .comment       0x00000026       0x27 build/stm32f4xx_hal_adc.o
 .comment       0x00000026       0x27 build/stm32f4xx_hal_rcc.o
 .comment       0x00000026       0x27 build/stm32f4xx_hal_rcc_ex.o
 .comment       0x00000026       0x27 build/stm32f4xx_hal_gpio.o
 .comment       0x00000026       0x27 build/stm32f4xx_hal_dma.o
 .comment       0x00000026       0x27 build/stm32f4xx_hal_cortex.o
 .comment       0x00000026       0x27 build/stm32f4xx_hal.o
 .comment       0x00000026       0x27 build/stm32f4xx_hal_i2c.o
 .comment       0x00000026       0x27 build/stm32f4xx_hal_i2s.o
 .comment       0x00000026       0x27 build/stm32f4xx_hal_i2s_ex.o
 .comment       0x00000026       0x27 build/stm32f4xx_hal_spi.o
 .comment       0x00000026       0x27 build/stm32f4xx_hal_tim.o
 .comment       0x00000026       0x27 build/stm32f4xx_hal_tim_ex.o
 .comment       0x00000026       0x27 build/stm32f4xx_hal_pcd.o
 .comment       0x00000026       0x27 build/stm32f4xx_ll_usb.o
 .comment       0x00000026       0x27 build/system_stm32f4xx.o
 .comment       0x00000026       0x27 /usr/lib/gcc/arm-none-eabi/13.2.1/../../../arm-none-eabi/lib/thumb/v7e-m+fp/hard/libc_nano.a(libc_a-init.o)
 .comment       0x00000026       0x27 /usr/lib/gcc/arm-none-eabi/13.2.1/../../../arm-none-eabi/lib/thumb/v7e-m+fp/hard/libc_nano.a(libc_a-memset.o)
 .comment       0x00000026       0x27 /usr/lib/gcc/arm-none-eabi/13.2.1/../../../arm-none-eabi/lib/thumb/v7e-m+fp/hard/libm.a(libm_a-sf_sin.o)
 .comment       0x00000026       0x27 /usr/lib/gcc/arm-none-eabi/13.2.1/../../../arm-none-eabi/lib/thumb/v7e-m+fp/hard/libm.a(libm_a-kf_sin.o)
 .comment       0x00000026       0x27 /usr/lib/gcc/arm-none-eabi/13.2.1/../../../arm-none-eabi/lib/thumb/v7e-m+fp/hard/libm.a(libm_a-ef_rem_pio2.o)
 .comment       0x00000026       0x27 /usr/lib/gcc/arm-none-eabi/13.2.1/../../../arm-none-eabi/lib/thumb/v7e-m+fp/hard/libm.a(libm_a-sf_fabs.o)
 .comment       0x00000026       0x27 /usr/lib/gcc/arm-none-eabi/13.2.1/../../../arm-none-eabi/lib/thumb/v7e-m+fp/hard/libm.a(libm_a-kf_rem_pio2.o)
 .comment       0x00000026       0x27 /usr/lib/gcc/arm-none-eabi/13.2.1/../../../arm-none-eabi/lib/thumb/v7e-m+fp/hard/libm.a(libm_a-sf_scalbn.o)
 .comment       0x00000026       0x27 /usr/lib/gcc/arm-none-eabi/13.2.1/../../../arm-none-eabi/lib/thumb/v7e-m+fp/hard/libm.a(libm_a-kf_cos.o)
 .comment       0x00000026       0x27 /usr/lib/gcc/arm-none-eabi/13.2.1/../../../arm-none-eabi/lib/thumb/v7e-m+fp/hard/libm.a(libm_a-sf_floor.o)
 .comment       0x00000026       0x27 /usr/lib/gcc/arm-none-eabi/13.2.1/thumb/v7e-m+fp/hard/libgcc.a(_udivmoddi4.o)
 .comment       0x00000026       0x27 /usr/lib/gcc/arm-none-eabi/13.2.1/thumb/v7e-m+fp/hard/crtend.o

.debug_info     0x00000000    0x1feb8
 .debug_info    0x00000000      0x83c build/main.o
 .debug_info    0x0000083c      0x5b5 build/gpio.o
 .debug_info    0x00000df1      0xbd1 build/adc.o
 .debug_info    0x000019c2      0x54e build/dma.o
 .debug_info    0x00001f10      0xb98 build/i2c.o
 .debug_info    0x00002aa8      0xc7f build/i2s.o
 .debug_info    0x00003727      0xb5d build/spi.o
 .debug_info    0x00004284      0xe07 build/tim.o
 .debug_info    0x0000508b      0xb0c build/usb_otg.o
 .debug_info    0x00005b97      0x49a build/stm32f4xx_it.o
 .debug_info    0x00006031      0x311 build/stm32f4xx_hal_msp.o
 .debug_info    0x00006342      0x8e7 build/audio_test.o
 .debug_info    0x00006c29     0x102e build/stm32f4xx_hal_adc.o
 .debug_info    0x00007c57      0xc1d build/stm32f4xx_hal_rcc.o
 .debug_info    0x00008874      0x765 build/stm32f4xx_hal_rcc_ex.o
 .debug_info    0x00008fd9      0x84e build/stm32f4xx_hal_gpio.o
 .debug_info    0x00009827      0xbae build/stm32f4xx_hal_dma.o
 .debug_info    0x0000a3d5     0x112c build/stm32f4xx_hal_cortex.o
 .debug_info    0x0000b501      0xa85 build/stm32f4xx_hal.o
 .debug_info    0x0000bf86     0x3bf4 build/stm32f4xx_hal_i2c.o
 .debug_info    0x0000fb7a     0x12fa build/stm32f4xx_hal_i2s.o
 .debug_info    0x00010e74      0xeac build/stm32f4xx_hal_i2s_ex.o
 .debug_info    0x00011d20     0x1f54 build/stm32f4xx_hal_spi.o
 .debug_info    0x00013c74     0x4180 build/stm32f4xx_hal_tim.o
 .debug_info    0x00017df4     0x1d85 build/stm32f4xx_hal_tim_ex.o
 .debug_info    0x00019b79     0x1f0b build/stm32f4xx_hal_pcd.o
 .debug_info    0x0001ba84     0x21d5 build/stm32f4xx_ll_usb.o
 .debug_info    0x0001dc59      0x5cd build/system_stm32f4xx.o
 .debug_info    0x0001e226       0x30 build/startup_stm32f411xe.o
 .debug_info    0x0001e256      0x10b /usr/lib/gcc/arm-none-eabi/13.2.1/../../../arm-none-eabi/lib/thumb/v7e-m+fp/hard/libc_nano.a(libc_a-init.o)
 .debug_info    0x0001e361      0x135 /usr/lib/gcc/arm-none-eabi/13.2.1/../../../arm-none-eabi/lib/thumb/v7e-m+fp/hard/libc_nano.a(libc_a-memset.o)
 .debug_info    0x0001e496      0x228 /usr/lib/gcc/arm-none-eabi/13.2.1/../../../arm-none-eabi/lib/thumb/v7e-m+fp/hard/libm.a(libm_a-sf_sin.o)
 .debug_info    0x0001e6be      0x1e0 /usr/lib/gcc/arm-none-eabi/13.2.1/../../../arm-none-eabi/lib/thumb/v7e-m+fp/hard/libm.a(libm_a-kf_sin.o)
 .debug_info    0x0001e89e      0x3fd /usr/lib/gcc/arm-none-eabi/13.2.1/../../../arm-none-eabi/lib/thumb/v7e-m+fp/hard/libm.a(libm_a-ef_rem_pio2.o)
 .debug_info    0x0001ec9b      0x13e /usr/lib/gcc/arm-none-eabi/13.2.1/../../../arm-none-eabi/lib/thumb/v7e-m+fp/hard/libm.a(libm_a-sf_fabs.o)
 .debug_info    0x0001edd9      0x3e7 /usr/lib/gcc/arm-none-eabi/13.2.1/../../../arm-none-eabi/lib/thumb/v7e-m+fp/hard/libm.a(libm_a-kf_rem_pio2.o)
 .debug_info    0x0001f1c0      0x20b /usr/lib/gcc/arm-none-eabi/13.2.1/../../../arm-none-eabi/lib/thumb/v7e-m+fp/hard/libm.a(libm_a-sf_scalbn.o)
 .debug_info    0x0001f3cb      0x20e /usr/lib/gcc/arm-none-eabi/13.2.1/../../../arm-none-eabi/lib/thumb/v7e-m+fp/hard/libm.a(libm_a-kf_cos.o)
 .debug_info    0x0001f5d9      0x18a /usr/lib/gcc/arm-none-eabi/13.2.1/../../../arm-none-eabi/lib/thumb/v7e-m+fp/hard/libm.a(libm_a-sf_floor.o)
 .debug_info    0x0001f763       0x24 /usr/lib/gcc/arm-none-eabi/13.2.1/thumb/v7e-m+fp/hard/libgcc.a(_aeabi_uldivmod.o)
 .debug_info    0x0001f787      0x6f5 /usr/lib/gcc/arm-none-eabi/13.2.1/thumb/v7e-m+fp/hard/libgcc.a(_udivmoddi4.o)
 .debug_info    0x0001fe7c       0x3c /usr/lib/gcc/arm-none-eabi/13.2.1/thumb/v7e-m+fp/hard/libgcc.a(_dvmd_tls.o)

.debug_abbrev   0x00000000     0x4cf3
 .debug_abbrev  0x00000000      0x21b build/main.o
 .debug_abbrev  0x0000021b      0x160 build/gpio.o
 .debug_abbrev  0x0000037b      0x208 build/adc.o
 .debug_abbrev  0x00000583      0x12f build/dma.o
 .debug_abbrev  0x000006b2      0x208 build/i2c.o
 .debug_abbrev  0x000008ba      0x210 build/i2s.o
 .debug_abbrev  0x00000aca      0x20f build/spi.o
 .debug_abbrev  0x00000cd9      0x235 build/tim.o
 .debug_abbrev  0x00000f0e      0x20c build/usb_otg.o
 .debug_abbrev  0x0000111a      0x13c build/stm32f4xx_it.o
 .debug_abbrev  0x00001256       0xd3 build/stm32f4xx_hal_msp.o
 .debug_abbrev  0x00001329      0x26c build/audio_test.o
 .debug_abbrev  0x00001595      0x287 build/stm32f4xx_hal_adc.o
 .debug_abbrev  0x0000181c      0x2de build/stm32f4xx_hal_rcc.o
 .debug_abbrev  0x00001afa      0x1dc build/stm32f4xx_hal_rcc_ex.o
 .debug_abbrev  0x00001cd6      0x22b build/stm32f4xx_hal_gpio.o
 .debug_abbrev  0x00001f01      0x2be build/stm32f4xx_hal_dma.o
 .debug_abbrev  0x000021bf      0x3ca build/stm32f4xx_hal_cortex.o
 .debug_abbrev  0x00002589      0x275 build/stm32f4xx_hal.o
 .debug_abbrev  0x000027fe      0x339 build/stm32f4xx_hal_i2c.o
 .debug_abbrev  0x00002b37      0x2c1 build/stm32f4xx_hal_i2s.o
 .debug_abbrev  0x00002df8      0x2d9 build/stm32f4xx_hal_i2s_ex.o
 .debug_abbrev  0x000030d1      0x2be build/stm32f4xx_hal_spi.o
 .debug_abbrev  0x0000338f      0x2ce build/stm32f4xx_hal_tim.o
 .debug_abbrev  0x0000365d      0x2c8 build/stm32f4xx_hal_tim_ex.o
 .debug_abbrev  0x00003925      0x2e7 build/stm32f4xx_hal_pcd.o
 .debug_abbrev  0x00003c0c      0x344 build/stm32f4xx_ll_usb.o
 .debug_abbrev  0x00003f50      0x11b build/system_stm32f4xx.o
 .debug_abbrev  0x0000406b       0x1d build/startup_stm32f411xe.o
 .debug_abbrev  0x00004088       0xc9 /usr/lib/gcc/arm-none-eabi/13.2.1/../../../arm-none-eabi/lib/thumb/v7e-m+fp/hard/libc_nano.a(libc_a-init.o)
 .debug_abbrev  0x00004151       0xb7 /usr/lib/gcc/arm-none-eabi/13.2.1/../../../arm-none-eabi/lib/thumb/v7e-m+fp/hard/libc_nano.a(libc_a-memset.o)
 .debug_abbrev  0x00004208      0x151 /usr/lib/gcc/arm-none-eabi/13.2.1/../../../arm-none-eabi/lib/thumb/v7e-m+fp/hard/libm.a(libm_a-sf_sin.o)
 .debug_abbrev  0x00004359      0x107 /usr/lib/gcc/arm-none-eabi/13.2.1/../../../arm-none-eabi/lib/thumb/v7e-m+fp/hard/libm.a(libm_a-kf_sin.o)
 .debug_abbrev  0x00004460      0x194 /usr/lib/gcc/arm-none-eabi/13.2.1/../../../arm-none-eabi/lib/thumb/v7e-m+fp/hard/libm.a(libm_a-ef_rem_pio2.o)
 .debug_abbrev  0x000045f4       0xd4 /usr/lib/gcc/arm-none-eabi/13.2.1/../../../arm-none-eabi/lib/thumb/v7e-m+fp/hard/libm.a(libm_a-sf_fabs.o)
 .debug_abbrev  0x000046c8      0x169 /usr/lib/gcc/arm-none-eabi/13.2.1/../../../arm-none-eabi/lib/thumb/v7e-m+fp/hard/libm.a(libm_a-kf_rem_pio2.o)
 .debug_abbrev  0x00004831      0x125 /usr/lib/gcc/arm-none-eabi/13.2.1/../../../arm-none-eabi/lib/thumb/v7e-m+fp/hard/libm.a(libm_a-sf_scalbn.o)
 .debug_abbrev  0x00004956      0x100 /usr/lib/gcc/arm-none-eabi/13.2.1/../../../arm-none-eabi/lib/thumb/v7e-m+fp/hard/libm.a(libm_a-kf_cos.o)
 .debug_abbrev  0x00004a56       0xf9 /usr/lib/gcc/arm-none-eabi/13.2.1/../../../arm-none-eabi/lib/thumb/v7e-m+fp/hard/libm.a(libm_a-sf_floor.o)
 .debug_abbrev  0x00004b4f       0x14 /usr/lib/gcc/arm-none-eabi/13.2.1/thumb/v7e-m+fp/hard/libgcc.a(_aeabi_uldivmod.o)
 .debug_abbrev  0x00004b63      0x16a /usr/lib/gcc/arm-none-eabi/13.2.1/thumb/v7e-m+fp/hard/libgcc.a(_udivmoddi4.o)
 .debug_abbrev  0x00004ccd       0x26 /usr/lib/gcc/arm-none-eabi/13.2.1/thumb/v7e-m+fp/hard/libgcc.a(_dvmd_tls.o)

.debug_loc      0x00000000    0x1a793
 .debug_loc     0x00000000       0x66 build/main.o
 .debug_loc     0x00000066       0x39 build/gpio.o
 .debug_loc     0x0000009f      0x144 build/adc.o
 .debug_loc     0x000001e3       0x38 build/dma.o
 .debug_loc     0x0000021b       0xfd build/i2c.o
 .debug_loc     0x00000318      0x103 build/i2s.o
 .debug_loc     0x0000041b      0x120 build/spi.o
 .debug_loc     0x0000053b      0x1aa build/tim.o
 .debug_loc     0x000006e5      0x120 build/usb_otg.o
 .debug_loc     0x00000805       0x60 build/stm32f4xx_it.o
 .debug_loc     0x00000865       0x2c build/stm32f4xx_hal_msp.o
 .debug_loc     0x00000891      0x205 build/audio_test.o
 .debug_loc     0x00000a96      0xf5d build/stm32f4xx_hal_adc.o
 .debug_loc     0x000019f3      0x720 build/stm32f4xx_hal_rcc.o
 .debug_loc     0x00002113      0x478 build/stm32f4xx_hal_rcc_ex.o
 .debug_loc     0x0000258b      0x60b build/stm32f4xx_hal_gpio.o
 .debug_loc     0x00002b96      0xe9a build/stm32f4xx_hal_dma.o
 .debug_loc     0x00003a30      0x8ff build/stm32f4xx_hal_cortex.o
 .debug_loc     0x0000432f      0x1f9 build/stm32f4xx_hal.o
 .debug_loc     0x00004528     0x54cf build/stm32f4xx_hal_i2c.o
 .debug_loc     0x000099f7     0x14f7 build/stm32f4xx_hal_i2s.o
 .debug_loc     0x0000aeee      0xba7 build/stm32f4xx_hal_i2s_ex.o
 .debug_loc     0x0000ba95     0x261e build/stm32f4xx_hal_spi.o
 .debug_loc     0x0000e0b3     0x6155 build/stm32f4xx_hal_tim.o
 .debug_loc     0x00014208     0x22d2 build/stm32f4xx_hal_tim_ex.o
 .debug_loc     0x000164da     0x1832 build/stm32f4xx_hal_pcd.o
 .debug_loc     0x00017d0c     0x29ca build/stm32f4xx_ll_usb.o
 .debug_loc     0x0001a6d6       0xbd build/system_stm32f4xx.o

.debug_aranges  0x00000000     0x1710
 .debug_aranges
                0x00000000       0x30 build/main.o
 .debug_aranges
                0x00000030       0x20 build/gpio.o
 .debug_aranges
                0x00000050       0x30 build/adc.o
 .debug_aranges
                0x00000080       0x20 build/dma.o
 .debug_aranges
                0x000000a0       0x30 build/i2c.o
 .debug_aranges
                0x000000d0       0x30 build/i2s.o
 .debug_aranges
                0x00000100       0x30 build/spi.o
 .debug_aranges
                0x00000130       0x38 build/tim.o
 .debug_aranges
                0x00000168       0x30 build/usb_otg.o
 .debug_aranges
                0x00000198       0x70 build/stm32f4xx_it.o
 .debug_aranges
                0x00000208       0x20 build/stm32f4xx_hal_msp.o
 .debug_aranges
                0x00000228       0x40 build/audio_test.o
 .debug_aranges
                0x00000268       0xe8 build/stm32f4xx_hal_adc.o
 .debug_aranges
                0x00000350       0x88 build/stm32f4xx_hal_rcc.o
 .debug_aranges
                0x000003d8       0x50 build/stm32f4xx_hal_rcc_ex.o
 .debug_aranges
                0x00000428       0x58 build/stm32f4xx_hal_gpio.o
 .debug_aranges
                0x00000480       0x90 build/stm32f4xx_hal_dma.o
 .debug_aranges
                0x00000510       0xf8 build/stm32f4xx_hal_cortex.o
 .debug_aranges
                0x00000608       0xf0 build/stm32f4xx_hal.o
 .debug_aranges
                0x000006f8      0x2a8 build/stm32f4xx_hal_i2c.o
 .debug_aranges
                0x000009a0      0x108 build/stm32f4xx_hal_i2s.o
 .debug_aranges
                0x00000aa8       0x88 build/stm32f4xx_hal_i2s_ex.o
 .debug_aranges
                0x00000b30      0x1d0 build/stm32f4xx_hal_spi.o
 .debug_aranges
                0x00000d00      0x3d0 build/stm32f4xx_hal_tim.o
 .debug_aranges
                0x000010d0      0x168 build/stm32f4xx_hal_tim_ex.o
 .debug_aranges
                0x00001238      0x148 build/stm32f4xx_hal_pcd.o
 .debug_aranges
                0x00001380      0x1a0 build/stm32f4xx_ll_usb.o
 .debug_aranges
                0x00001520       0x28 build/system_stm32f4xx.o
 .debug_aranges
                0x00001548       0x28 build/startup_stm32f411xe.o
 .debug_aranges
                0x00001570       0x20 /usr/lib/gcc/arm-none-eabi/13.2.1/../../../arm-none-eabi/lib/thumb/v7e-m+fp/hard/libc_nano.a(libc_a-init.o)
 .debug_aranges
                0x00001590       0x20 /usr/lib/gcc/arm-none-eabi/13.2.1/../../../arm-none-eabi/lib/thumb/v7e-m+fp/hard/libc_nano.a(libc_a-memset.o)
 .debug_aranges
                0x000015b0       0x20 /usr/lib/gcc/arm-none-eabi/13.2.1/../../../arm-none-eabi/lib/thumb/v7e-m+fp/hard/libm.a(libm_a-sf_sin.o)
 .debug_aranges
                0x000015d0       0x20 /usr/lib/gcc/arm-none-eabi/13.2.1/../../../arm-none-eabi/lib/thumb/v7e-m+fp/hard/libm.a(libm_a-kf_sin.o)
 .debug_aranges
                0x000015f0       0x20 /usr/lib/gcc/arm-none-eabi/13.2.1/../../../arm-none-eabi/lib/thumb/v7e-m+fp/hard/libm.a(libm_a-ef_rem_pio2.o)
 .debug_aranges
                0x00001610       0x20 /usr/lib/gcc/arm-none-eabi/13.2.1/../../../arm-none-eabi/lib/thumb/v7e-m+fp/hard/libm.a(libm_a-sf_fabs.o)
 .debug_aranges
                0x00001630       0x20 /usr/lib/gcc/arm-none-eabi/13.2.1/../../../arm-none-eabi/lib/thumb/v7e-m+fp/hard/libm.a(libm_a-kf_rem_pio2.o)
 .debug_aranges
                0x00001650       0x20 /usr/lib/gcc/arm-none-eabi/13.2.1/../../../arm-none-eabi/lib/thumb/v7e-m+fp/hard/libm.a(libm_a-sf_scalbn.o)
 .debug_aranges
                0x00001670       0x20 /usr/lib/gcc/arm-none-eabi/13.2.1/../../../arm-none-eabi/lib/thumb/v7e-m+fp/hard/libm.a(libm_a-kf_cos.o)
 .debug_aranges
                0x00001690       0x20 /usr/lib/gcc/arm-none-eabi/13.2.1/../../../arm-none-eabi/lib/thumb/v7e-m+fp/hard/libm.a(libm_a-sf_floor.o)
 .debug_aranges
                0x000016b0       0x20 /usr/lib/gcc/arm-none-eabi/13.2.1/thumb/v7e-m+fp/hard/libgcc.a(_aeabi_uldivmod.o)
 .debug_aranges
                0x000016d0       0x20 /usr/lib/gcc/arm-none-eabi/13.2.1/thumb/v7e-m+fp/hard/libgcc.a(_udivmoddi4.o)
 .debug_aranges
                0x000016f0       0x20 /usr/lib/gcc/arm-none-eabi/13.2.1/thumb/v7e-m+fp/hard/libgcc.a(_dvmd_tls.o)

.debug_ranges   0x00000000     0x1450
 .debug_ranges  0x00000000       0x20 build/main.o
 .debug_ranges  0x00000020       0x10 build/gpio.o
 .debug_ranges  0x00000030       0x20 build/adc.o
 .debug_ranges  0x00000050       0x10 build/dma.o
 .debug_ranges  0x00000060       0x20 build/i2c.o
 .debug_ranges  0x00000080       0x20 build/i2s.o
 .debug_ranges  0x000000a0       0x20 build/spi.o
 .debug_ranges  0x000000c0       0x28 build/tim.o
 .debug_ranges  0x000000e8       0x20 build/usb_otg.o
 .debug_ranges  0x00000108       0x60 build/stm32f4xx_it.o
 .debug_ranges  0x00000168       0x10 build/stm32f4xx_hal_msp.o
 .debug_ranges  0x00000178       0x60 build/audio_test.o
 .debug_ranges  0x000001d8       0xd8 build/stm32f4xx_hal_adc.o
 .debug_ranges  0x000002b0       0x90 build/stm32f4xx_hal_rcc.o
 .debug_ranges  0x00000340       0x40 build/stm32f4xx_hal_rcc_ex.o
 .debug_ranges  0x00000380       0x48 build/stm32f4xx_hal_gpio.o
 .debug_ranges  0x000003c8       0x80 build/stm32f4xx_hal_dma.o
 .debug_ranges  0x00000448       0xe8 build/stm32f4xx_hal_cortex.o
 .debug_ranges  0x00000530       0xe0 build/stm32f4xx_hal.o
 .debug_ranges  0x00000610      0x2b0 build/stm32f4xx_hal_i2c.o
 .debug_ranges  0x000008c0      0x128 build/stm32f4xx_hal_i2s.o
 .debug_ranges  0x000009e8       0x90 build/stm32f4xx_hal_i2s_ex.o
 .debug_ranges  0x00000a78      0x1c0 build/stm32f4xx_hal_spi.o
 .debug_ranges  0x00000c38      0x3c0 build/stm32f4xx_hal_tim.o
 .debug_ranges  0x00000ff8      0x158 build/stm32f4xx_hal_tim_ex.o
 .debug_ranges  0x00001150      0x138 build/stm32f4xx_hal_pcd.o
 .debug_ranges  0x00001288      0x190 build/stm32f4xx_ll_usb.o
 .debug_ranges  0x00001418       0x18 build/system_stm32f4xx.o
 .debug_ranges  0x00001430       0x20 build/startup_stm32f411xe.o

.debug_line     0x00000000    0x1ad8a
 .debug_line    0x00000000      0x2df build/main.o
 .debug_line    0x000002df      0x1a0 build/gpio.o
 .debug_line    0x0000047f      0x28b build/adc.o
 .debug_line    0x0000070a      0x102 build/dma.o
 .debug_line    0x0000080c      0x245 build/i2c.o
 .debug_line    0x00000a51      0x309 build/i2s.o
 .debug_line    0x00000d5a      0x25b build/spi.o
 .debug_line    0x00000fb5      0x332 build/tim.o
 .debug_line    0x000012e7      0x26e build/usb_otg.o
 .debug_line    0x00001555      0x20e build/stm32f4xx_it.o
 .debug_line    0x00001763       0xd1 build/stm32f4xx_hal_msp.o
 .debug_line    0x00001834      0x294 build/audio_test.o
 .debug_line    0x00001ac8      0xf66 build/stm32f4xx_hal_adc.o
 .debug_line    0x00002a2e      0xb39 build/stm32f4xx_hal_rcc.o
 .debug_line    0x00003567      0x62b build/stm32f4xx_hal_rcc_ex.o
 .debug_line    0x00003b92      0x634 build/stm32f4xx_hal_gpio.o
 .debug_line    0x000041c6      0xdae build/stm32f4xx_hal_dma.o
 .debug_line    0x00004f74      0x7a5 build/stm32f4xx_hal_cortex.o
 .debug_line    0x00005719      0x4e2 build/stm32f4xx_hal.o
 .debug_line    0x00005bfb     0x53e6 build/stm32f4xx_hal_i2c.o
 .debug_line    0x0000afe1     0x1363 build/stm32f4xx_hal_i2s.o
 .debug_line    0x0000c344      0xf7e build/stm32f4xx_hal_i2s_ex.o
 .debug_line    0x0000d2c2     0x23ec build/stm32f4xx_hal_spi.o
 .debug_line    0x0000f6ae     0x45dc build/stm32f4xx_hal_tim.o
 .debug_line    0x00013c8a     0x19ce build/stm32f4xx_hal_tim_ex.o
 .debug_line    0x00015658     0x13d5 build/stm32f4xx_hal_pcd.o
 .debug_line    0x00016a2d     0x1e56 build/stm32f4xx_ll_usb.o
 .debug_line    0x00018883      0x1c9 build/system_stm32f4xx.o
 .debug_line    0x00018a4c       0x73 build/startup_stm32f411xe.o
 .debug_line    0x00018abf      0x11e /usr/lib/gcc/arm-none-eabi/13.2.1/../../../arm-none-eabi/lib/thumb/v7e-m+fp/hard/libc_nano.a(libc_a-init.o)
 .debug_line    0x00018bdd      0x1b6 /usr/lib/gcc/arm-none-eabi/13.2.1/../../../arm-none-eabi/lib/thumb/v7e-m+fp/hard/libc_nano.a(libc_a-memset.o)
 .debug_line    0x00018d93      0x1d8 /usr/lib/gcc/arm-none-eabi/13.2.1/../../../arm-none-eabi/lib/thumb/v7e-m+fp/hard/libm.a(libm_a-sf_sin.o)
 .debug_line    0x00018f6b      0x16d /usr/lib/gcc/arm-none-eabi/13.2.1/../../../arm-none-eabi/lib/thumb/v7e-m+fp/hard/libm.a(libm_a-kf_sin.o)
 .debug_line    0x000190d8      0x4a8 /usr/lib/gcc/arm-none-eabi/13.2.1/../../../arm-none-eabi/lib/thumb/v7e-m+fp/hard/libm.a(libm_a-ef_rem_pio2.o)
 .debug_line    0x00019580      0x154 /usr/lib/gcc/arm-none-eabi/13.2.1/../../../arm-none-eabi/lib/thumb/v7e-m+fp/hard/libm.a(libm_a-sf_fabs.o)
 .debug_line    0x000196d4      0xa55 /usr/lib/gcc/arm-none-eabi/13.2.1/../../../arm-none-eabi/lib/thumb/v7e-m+fp/hard/libm.a(libm_a-kf_rem_pio2.o)
 .debug_line    0x0001a129      0x24a /usr/lib/gcc/arm-none-eabi/13.2.1/../../../arm-none-eabi/lib/thumb/v7e-m+fp/hard/libm.a(libm_a-sf_scalbn.o)
 .debug_line    0x0001a373      0x1d1 /usr/lib/gcc/arm-none-eabi/13.2.1/../../../arm-none-eabi/lib/thumb/v7e-m+fp/hard/libm.a(libm_a-kf_cos.o)
 .debug_line    0x0001a544      0x23a /usr/lib/gcc/arm-none-eabi/13.2.1/../../../arm-none-eabi/lib/thumb/v7e-m+fp/hard/libm.a(libm_a-sf_floor.o)
 .debug_line    0x0001a77e       0x4e /usr/lib/gcc/arm-none-eabi/13.2.1/thumb/v7e-m+fp/hard/libgcc.a(_aeabi_uldivmod.o)
 .debug_line    0x0001a7cc      0x574 /usr/lib/gcc/arm-none-eabi/13.2.1/thumb/v7e-m+fp/hard/libgcc.a(_udivmoddi4.o)
 .debug_line    0x0001ad40       0x4a /usr/lib/gcc/arm-none-eabi/13.2.1/thumb/v7e-m+fp/hard/libgcc.a(_dvmd_tls.o)

.debug_str      0x00000000     0x6cef
 .debug_str     0x00000000     0x6cef build/main.o
                                0x557 (size before relaxing)
 .debug_str     0x00006cef      0x356 build/gpio.o
 .debug_str     0x00006cef      0x7c9 build/adc.o
 .debug_str     0x00006cef      0x65c build/dma.o
 .debug_str     0x00006cef      0x881 build/i2c.o
 .debug_str     0x00006cef      0x8a6 build/i2s.o
 .debug_str     0x00006cef      0x7d9 build/spi.o
 .debug_str     0x00006cef      0xa09 build/tim.o
 .debug_str     0x00006cef      0x7a1 build/usb_otg.o
 .debug_str     0x00006cef      0x4c2 build/stm32f4xx_it.o
 .debug_str     0x00006cef      0x2a2 build/stm32f4xx_hal_msp.o
 .debug_str     0x00006cef      0x6c5 build/audio_test.o
 .debug_str     0x00006cef      0x922 build/stm32f4xx_hal_adc.o
 .debug_str     0x00006cef      0x6cd build/stm32f4xx_hal_rcc.o
 .debug_str     0x00006cef      0x4da build/stm32f4xx_hal_rcc_ex.o
 .debug_str     0x00006cef      0x4b2 build/stm32f4xx_hal_gpio.o
 .debug_str     0x00006cef      0x741 build/stm32f4xx_hal_dma.o
 .debug_str     0x00006cef      0xade build/stm32f4xx_hal_cortex.o
 .debug_str     0x00006cef      0x9f3 build/stm32f4xx_hal.o
 .debug_str     0x00006cef     0x1002 build/stm32f4xx_hal_i2c.o
 .debug_str     0x00006cef      0x91a build/stm32f4xx_hal_i2s.o
 .debug_str     0x00006cef      0x832 build/stm32f4xx_hal_i2s_ex.o
 .debug_str     0x00006cef      0xbb4 build/stm32f4xx_hal_spi.o
 .debug_str     0x00006cef     0x16c9 build/stm32f4xx_hal_tim.o
 .debug_str     0x00006cef      0xed5 build/stm32f4xx_hal_tim_ex.o
 .debug_str     0x00006cef      0xdc5 build/stm32f4xx_hal_pcd.o
 .debug_str     0x00006cef      0xcee build/stm32f4xx_ll_usb.o
 .debug_str     0x00006cef      0x352 build/system_stm32f4xx.o
 .debug_str     0x00006cef       0x60 build/startup_stm32f411xe.o
 .debug_str     0x00006cef      0x1fa /usr/lib/gcc/arm-none-eabi/13.2.1/../../../arm-none-eabi/lib/thumb/v7e-m+fp/hard/libc_nano.a(libc_a-init.o)
 .debug_str     0x00006cef      0x1ad /usr/lib/gcc/arm-none-eabi/13.2.1/../../../arm-none-eabi/lib/thumb/v7e-m+fp/hard/libc_nano.a(libc_a-memset.o)
 .debug_str     0x00006cef      0x201 /usr/lib/gcc/arm-none-eabi/13.2.1/../../../arm-none-eabi/lib/thumb/v7e-m+fp/hard/libm.a(libm_a-sf_sin.o)
 .debug_str     0x00006cef      0x1df /usr/lib/gcc/arm-none-eabi/13.2.1/../../../arm-none-eabi/lib/thumb/v7e-m+fp/hard/libm.a(libm_a-kf_sin.o)
 .debug_str     0x00006cef      0x261 /usr/lib/gcc/arm-none-eabi/13.2.1/../../../arm-none-eabi/lib/thumb/v7e-m+fp/hard/libm.a(libm_a-ef_rem_pio2.o)
 .debug_str     0x00006cef      0x1ce /usr/lib/gcc/arm-none-eabi/13.2.1/../../../arm-none-eabi/lib/thumb/v7e-m+fp/hard/libm.a(libm_a-sf_fabs.o)
 .debug_str     0x00006cef      0x1fa /usr/lib/gcc/arm-none-eabi/13.2.1/../../../arm-none-eabi/lib/thumb/v7e-m+fp/hard/libm.a(libm_a-kf_rem_pio2.o)
 .debug_str     0x00006cef      0x20c /usr/lib/gcc/arm-none-eabi/13.2.1/../../../arm-none-eabi/lib/thumb/v7e-m+fp/hard/libm.a(libm_a-sf_scalbn.o)
 .debug_str     0x00006cef      0x1df /usr/lib/gcc/arm-none-eabi/13.2.1/../../../arm-none-eabi/lib/thumb/v7e-m+fp/hard/libm.a(libm_a-kf_cos.o)
 .debug_str     0x00006cef      0x1e6 /usr/lib/gcc/arm-none-eabi/13.2.1/../../../arm-none-eabi/lib/thumb/v7e-m+fp/hard/libm.a(libm_a-sf_floor.o)
 .debug_str     0x00006cef       0xa3 /usr/lib/gcc/arm-none-eabi/13.2.1/thumb/v7e-m+fp/hard/libgcc.a(_aeabi_uldivmod.o)
 .debug_str     0x00006cef      0x685 /usr/lib/gcc/arm-none-eabi/13.2.1/thumb/v7e-m+fp/hard/libgcc.a(_udivmoddi4.o)
 .debug_str     0x00006cef       0xc3 /usr/lib/gcc/arm-none-eabi/13.2.1/thumb/v7e-m+fp/hard/libgcc.a(_dvmd_tls.o)

.debug_frame    0x00000000     0x3d4c
 .debug_frame   0x00000000       0x58 build/main.o
 .debug_frame   0x00000058       0x34 build/gpio.o
 .debug_frame   0x0000008c       0x68 build/adc.o
 .debug_frame   0x000000f4       0x30 build/dma.o
 .debug_frame   0x00000124       0x64 build/i2c.o
 .debug_frame   0x00000188       0x64 build/i2s.o
 .debug_frame   0x000001ec       0x60 build/spi.o
 .debug_frame   0x0000024c       0x88 build/tim.o
 .debug_frame   0x000002d4       0x64 build/usb_otg.o
 .debug_frame   0x00000338       0xd8 build/stm32f4xx_it.o
 .debug_frame   0x00000410       0x28 build/stm32f4xx_hal_msp.o
 .debug_frame   0x00000438       0x84 build/audio_test.o
 .debug_frame   0x000004bc      0x268 build/stm32f4xx_hal_adc.o
 .debug_frame   0x00000724      0x16c build/stm32f4xx_hal_rcc.o
 .debug_frame   0x00000890       0xb0 build/stm32f4xx_hal_rcc_ex.o
 .debug_frame   0x00000940       0xd8 build/stm32f4xx_hal_gpio.o
 .debug_frame   0x00000a18      0x188 build/stm32f4xx_hal_dma.o
 .debug_frame   0x00000ba0      0x214 build/stm32f4xx_hal_cortex.o
 .debug_frame   0x00000db4      0x1ec build/stm32f4xx_hal.o
 .debug_frame   0x00000fa0      0x988 build/stm32f4xx_hal_i2c.o
 .debug_frame   0x00001928      0x334 build/stm32f4xx_hal_i2s.o
 .debug_frame   0x00001c5c      0x184 build/stm32f4xx_hal_i2s_ex.o
 .debug_frame   0x00001de0      0x5d0 build/stm32f4xx_hal_spi.o
 .debug_frame   0x000023b0      0xb20 build/stm32f4xx_hal_tim.o
 .debug_frame   0x00002ed0      0x418 build/stm32f4xx_hal_tim_ex.o
 .debug_frame   0x000032e8      0x388 build/stm32f4xx_hal_pcd.o
 .debug_frame   0x00003670      0x490 build/stm32f4xx_ll_usb.o
 .debug_frame   0x00003b00       0x30 build/system_stm32f4xx.o
 .debug_frame   0x00003b30       0x2c /usr/lib/gcc/arm-none-eabi/13.2.1/../../../arm-none-eabi/lib/thumb/v7e-m+fp/hard/libc_nano.a(libc_a-init.o)
 .debug_frame   0x00003b5c       0x2c /usr/lib/gcc/arm-none-eabi/13.2.1/../../../arm-none-eabi/lib/thumb/v7e-m+fp/hard/libc_nano.a(libc_a-memset.o)
 .debug_frame   0x00003b88       0x34 /usr/lib/gcc/arm-none-eabi/13.2.1/../../../arm-none-eabi/lib/thumb/v7e-m+fp/hard/libm.a(libm_a-sf_sin.o)
 .debug_frame   0x00003bbc       0x20 /usr/lib/gcc/arm-none-eabi/13.2.1/../../../arm-none-eabi/lib/thumb/v7e-m+fp/hard/libm.a(libm_a-kf_sin.o)
 .debug_frame   0x00003bdc       0x34 /usr/lib/gcc/arm-none-eabi/13.2.1/../../../arm-none-eabi/lib/thumb/v7e-m+fp/hard/libm.a(libm_a-ef_rem_pio2.o)
 .debug_frame   0x00003c10       0x20 /usr/lib/gcc/arm-none-eabi/13.2.1/../../../arm-none-eabi/lib/thumb/v7e-m+fp/hard/libm.a(libm_a-sf_fabs.o)
 .debug_frame   0x00003c30       0x5c /usr/lib/gcc/arm-none-eabi/13.2.1/../../../arm-none-eabi/lib/thumb/v7e-m+fp/hard/libm.a(libm_a-kf_rem_pio2.o)
 .debug_frame   0x00003c8c       0x20 /usr/lib/gcc/arm-none-eabi/13.2.1/../../../arm-none-eabi/lib/thumb/v7e-m+fp/hard/libm.a(libm_a-sf_scalbn.o)
 .debug_frame   0x00003cac       0x20 /usr/lib/gcc/arm-none-eabi/13.2.1/../../../arm-none-eabi/lib/thumb/v7e-m+fp/hard/libm.a(libm_a-kf_cos.o)
 .debug_frame   0x00003ccc       0x20 /usr/lib/gcc/arm-none-eabi/13.2.1/../../../arm-none-eabi/lib/thumb/v7e-m+fp/hard/libm.a(libm_a-sf_floor.o)
 .debug_frame   0x00003cec       0x2c /usr/lib/gcc/arm-none-eabi/13.2.1/thumb/v7e-m+fp/hard/libgcc.a(_aeabi_uldivmod.o)
 .debug_frame   0x00003d18       0x34 /usr/lib/gcc/arm-none-eabi/13.2.1/thumb/v7e-m+fp/hard/libgcc.a(_udivmoddi4.o)

.debug_loclists
                0x00000000     0x201f
 .debug_loclists
                0x00000000       0x65 /usr/lib/gcc/arm-none-eabi/13.2.1/../../../arm-none-eabi/lib/thumb/v7e-m+fp/hard/libc_nano.a(libc_a-init.o)
 .debug_loclists
                0x00000065      0x1c2 /usr/lib/gcc/arm-none-eabi/13.2.1/../../../arm-none-eabi/lib/thumb/v7e-m+fp/hard/libc_nano.a(libc_a-memset.o)
 .debug_loclists
                0x00000227       0x65 /usr/lib/gcc/arm-none-eabi/13.2.1/../../../arm-none-eabi/lib/thumb/v7e-m+fp/hard/libm.a(libm_a-sf_sin.o)
 .debug_loclists
                0x0000028c       0xcd /usr/lib/gcc/arm-none-eabi/13.2.1/../../../arm-none-eabi/lib/thumb/v7e-m+fp/hard/libm.a(libm_a-kf_sin.o)
 .debug_loclists
                0x00000359      0x392 /usr/lib/gcc/arm-none-eabi/13.2.1/../../../arm-none-eabi/lib/thumb/v7e-m+fp/hard/libm.a(libm_a-ef_rem_pio2.o)
 .debug_loclists
                0x000006eb       0x5c /usr/lib/gcc/arm-none-eabi/13.2.1/../../../arm-none-eabi/lib/thumb/v7e-m+fp/hard/libm.a(libm_a-sf_fabs.o)
 .debug_loclists
                0x00000747      0xa3d /usr/lib/gcc/arm-none-eabi/13.2.1/../../../arm-none-eabi/lib/thumb/v7e-m+fp/hard/libm.a(libm_a-kf_rem_pio2.o)
 .debug_loclists
                0x00001184      0x21d /usr/lib/gcc/arm-none-eabi/13.2.1/../../../arm-none-eabi/lib/thumb/v7e-m+fp/hard/libm.a(libm_a-sf_scalbn.o)
 .debug_loclists
                0x000013a1      0x168 /usr/lib/gcc/arm-none-eabi/13.2.1/../../../arm-none-eabi/lib/thumb/v7e-m+fp/hard/libm.a(libm_a-kf_cos.o)
 .debug_loclists
                0x00001509      0x132 /usr/lib/gcc/arm-none-eabi/13.2.1/../../../arm-none-eabi/lib/thumb/v7e-m+fp/hard/libm.a(libm_a-sf_floor.o)
 .debug_loclists
                0x0000163b      0x9e4 /usr/lib/gcc/arm-none-eabi/13.2.1/thumb/v7e-m+fp/hard/libgcc.a(_udivmoddi4.o)

.debug_rnglists
                0x00000000      0x12f
 .debug_rnglists
                0x00000000       0x13 /usr/lib/gcc/arm-none-eabi/13.2.1/../../../arm-none-eabi/lib/thumb/v7e-m+fp/hard/libm.a(libm_a-sf_sin.o)
 .debug_rnglists
                0x00000013       0x14 /usr/lib/gcc/arm-none-eabi/13.2.1/../../../arm-none-eabi/lib/thumb/v7e-m+fp/hard/libm.a(libm_a-kf_sin.o)
 .debug_rnglists
                0x00000027       0x28 /usr/lib/gcc/arm-none-eabi/13.2.1/../../../arm-none-eabi/lib/thumb/v7e-m+fp/hard/libm.a(libm_a-ef_rem_pio2.o)
 .debug_rnglists
                0x0000004f       0x13 /usr/lib/gcc/arm-none-eabi/13.2.1/../../../arm-none-eabi/lib/thumb/v7e-m+fp/hard/libm.a(libm_a-sf_fabs.o)
 .debug_rnglists
                0x00000062       0x22 /usr/lib/gcc/arm-none-eabi/13.2.1/../../../arm-none-eabi/lib/thumb/v7e-m+fp/hard/libm.a(libm_a-sf_scalbn.o)
 .debug_rnglists
                0x00000084       0x14 /usr/lib/gcc/arm-none-eabi/13.2.1/../../../arm-none-eabi/lib/thumb/v7e-m+fp/hard/libm.a(libm_a-kf_cos.o)
 .debug_rnglists
                0x00000098       0x13 /usr/lib/gcc/arm-none-eabi/13.2.1/../../../arm-none-eabi/lib/thumb/v7e-m+fp/hard/libm.a(libm_a-sf_floor.o)
 .debug_rnglists
                0x000000ab       0x84 /usr/lib/gcc/arm-none-eabi/13.2.1/thumb/v7e-m+fp/hard/libgcc.a(_udivmoddi4.o)

.debug_line_str
                0x00000000       0xa3
 .debug_line_str
                0x00000000       0xa3 /usr/lib/gcc/arm-none-eabi/13.2.1/thumb/v7e-m+fp/hard/libgcc.a(_aeabi_uldivmod.o)
                                 0x97 (size before relaxing)
 .debug_line_str
                0x000000a3       0x9b /usr/lib/gcc/arm-none-eabi/13.2.1/thumb/v7e-m+fp/hard/libgcc.a(_dvmd_tls.o)

Cross Reference Table

Symbol                                            File
ADC_IRQHandler                                    build/startup_stm32f411xe.o
AHBPrescTable                                     build/system_stm32f4xx.o
                                                  build/stm32f4xx_hal_rcc.o
APBPrescTable                                     build/system_stm32f4xx.o
                                                  build/stm32f4xx_hal_rcc.o
BusFault_Handler                                  build/stm32f4xx_it.o
DMA1_Stream0_IRQHandler                           build/startup_stm32f411xe.o
DMA1_Stream1_IRQHandler                           build/startup_stm32f411xe.o
DMA1_Stream2_IRQHandler                           build/startup_stm32f411xe.o
DMA1_Stream3_IRQHandler                           build/startup_stm32f411xe.o
DMA1_Stream4_IRQHandler                           build/startup_stm32f411xe.o
DMA1_Stream5_IRQHandler                           build/stm32f4xx_it.o
DMA1_Stream6_IRQHandler                           build/startup_stm32f411xe.o
DMA1_Stream7_IRQHandler                           build/startup_stm32f411xe.o
DMA2_Stream0_IRQHandler                           build/startup_stm32f411xe.o
DMA2_Stream1_IRQHandler                           build/startup_stm32f411xe.o
DMA2_Stream2_IRQHandler                           build/stm32f4xx_it.o
DMA2_Stream3_IRQHandler                           build/startup_stm32f411xe.o
DMA2_Stream4_IRQHandler                           build/startup_stm32f411xe.o
DMA2_Stream5_IRQHandler                           build/startup_stm32f411xe.o
DMA2_Stream6_IRQHandler                           build/startup_stm32f411xe.o
DMA2_Stream7_IRQHandler                           build/startup_stm32f411xe.o
DebugMon_Handler                                  build/stm32f4xx_it.o
Default_Handler                                   build/startup_stm32f411xe.o
EXTI0_IRQHandler                                  build/startup_stm32f411xe.o
EXTI15_10_IRQHandler                              build/startup_stm32f411xe.o
EXTI1_IRQHandler                                  build/startup_stm32f411xe.o
EXTI2_IRQHandler                                  build/startup_stm32f411xe.o
EXTI3_IRQHandler                                  build/startup_stm32f411xe.o
EXTI4_IRQHandler                                  build/startup_stm32f411xe.o
EXTI9_5_IRQHandler                                build/startup_stm32f411xe.o
Error_Handler                                     build/main.o
                                                  build/audio_test.o
                                                  build/usb_otg.o
                                                  build/tim.o
                                                  build/spi.o
                                                  build/i2s.o
                                                  build/i2c.o
                                                  build/adc.o
FLASH_Erase_Sector                                build/stm32f4xx_hal_flash_ex.o
                                                  build/stm32f4xx_hal_flash.o
FLASH_FlushCaches                                 build/stm32f4xx_hal_flash_ex.o
                                                  build/stm32f4xx_hal_flash.o
FLASH_IRQHandler                                  build/startup_stm32f411xe.o
FLASH_WaitForLastOperation                        build/stm32f4xx_hal_flash.o
                                                  build/stm32f4xx_hal_flash_ex.o
FPU_IRQHandler                                    build/startup_stm32f411xe.o
HAL_ADCEx_InjectedConfigChannel                   build/stm32f4xx_hal_adc_ex.o
HAL_ADCEx_InjectedConvCpltCallback                build/stm32f4xx_hal_adc_ex.o
                                                  build/stm32f4xx_hal_adc.o
HAL_ADCEx_InjectedGetValue                        build/stm32f4xx_hal_adc_ex.o
HAL_ADCEx_InjectedPollForConversion               build/stm32f4xx_hal_adc_ex.o
HAL_ADCEx_InjectedStart                           build/stm32f4xx_hal_adc_ex.o
HAL_ADCEx_InjectedStart_IT                        build/stm32f4xx_hal_adc_ex.o
HAL_ADCEx_InjectedStop                            build/stm32f4xx_hal_adc_ex.o
HAL_ADCEx_InjectedStop_IT                         build/stm32f4xx_hal_adc_ex.o
HAL_ADCEx_MultiModeConfigChannel                  build/stm32f4xx_hal_adc_ex.o
HAL_ADCEx_MultiModeGetValue                       build/stm32f4xx_hal_adc_ex.o
HAL_ADCEx_MultiModeStart_DMA                      build/stm32f4xx_hal_adc_ex.o
HAL_ADCEx_MultiModeStop_DMA                       build/stm32f4xx_hal_adc_ex.o
HAL_ADC_AnalogWDGConfig                           build/stm32f4xx_hal_adc.o
HAL_ADC_ConfigChannel                             build/stm32f4xx_hal_adc.o
                                                  build/adc.o
HAL_ADC_ConvCpltCallback                          build/stm32f4xx_hal_adc.o
                                                  build/stm32f4xx_hal_adc_ex.o
HAL_ADC_ConvHalfCpltCallback                      build/stm32f4xx_hal_adc.o
                                                  build/stm32f4xx_hal_adc_ex.o
HAL_ADC_DeInit                                    build/stm32f4xx_hal_adc.o
HAL_ADC_ErrorCallback                             build/stm32f4xx_hal_adc.o
                                                  build/stm32f4xx_hal_adc_ex.o
HAL_ADC_GetError                                  build/stm32f4xx_hal_adc.o
HAL_ADC_GetState                                  build/stm32f4xx_hal_adc.o
HAL_ADC_GetValue                                  build/stm32f4xx_hal_adc.o
HAL_ADC_IRQHandler                                build/stm32f4xx_hal_adc.o
HAL_ADC_Init                                      build/stm32f4xx_hal_adc.o
                                                  build/adc.o
HAL_ADC_LevelOutOfWindowCallback                  build/stm32f4xx_hal_adc.o
HAL_ADC_MspDeInit                                 build/adc.o
HAL_ADC_MspInit                                   build/adc.o
HAL_ADC_PollForConversion                         build/stm32f4xx_hal_adc.o
HAL_ADC_PollForEvent                              build/stm32f4xx_hal_adc.o
HAL_ADC_Start                                     build/stm32f4xx_hal_adc.o
HAL_ADC_Start_DMA                                 build/stm32f4xx_hal_adc.o
HAL_ADC_Start_IT                                  build/stm32f4xx_hal_adc.o
HAL_ADC_Stop                                      build/stm32f4xx_hal_adc.o
HAL_ADC_Stop_DMA                                  build/stm32f4xx_hal_adc.o
HAL_ADC_Stop_IT                                   build/stm32f4xx_hal_adc.o
HAL_CORTEX_ClearEvent                             build/stm32f4xx_hal_cortex.o
HAL_DBGMCU_DisableDBGSleepMode                    build/stm32f4xx_hal.o
HAL_DBGMCU_DisableDBGStandbyMode                  build/stm32f4xx_hal.o
HAL_DBGMCU_DisableDBGStopMode                     build/stm32f4xx_hal.o
HAL_DBGMCU_EnableDBGSleepMode                     build/stm32f4xx_hal.o
HAL_DBGMCU_EnableDBGStandbyMode                   build/stm32f4xx_hal.o
HAL_DBGMCU_EnableDBGStopMode                      build/stm32f4xx_hal.o
HAL_DMAEx_ChangeMemory                            build/stm32f4xx_hal_dma_ex.o
HAL_DMAEx_MultiBufferStart                        build/stm32f4xx_hal_dma_ex.o
HAL_DMAEx_MultiBufferStart_IT                     build/stm32f4xx_hal_dma_ex.o
HAL_DMA_Abort                                     build/stm32f4xx_hal_dma.o
                                                  build/stm32f4xx_hal_spi.o
                                                  build/stm32f4xx_hal_i2s.o
                                                  build/stm32f4xx_hal_adc_ex.o
                                                  build/stm32f4xx_hal_adc.o
HAL_DMA_Abort_IT                                  build/stm32f4xx_hal_dma.o
                                                  build/stm32f4xx_hal_tim_ex.o
                                                  build/stm32f4xx_hal_tim.o
                                                  build/stm32f4xx_hal_spi.o
                                                  build/stm32f4xx_hal_i2c.o
HAL_DMA_DeInit                                    build/stm32f4xx_hal_dma.o
                                                  build/tim.o
                                                  build/i2s.o
HAL_DMA_GetError                                  build/stm32f4xx_hal_dma.o
                                                  build/stm32f4xx_hal_i2c.o
HAL_DMA_GetState                                  build/stm32f4xx_hal_dma.o
                                                  build/stm32f4xx_hal_i2c.o
HAL_DMA_IRQHandler                                build/stm32f4xx_hal_dma.o
                                                  build/stm32f4xx_it.o
HAL_DMA_Init                                      build/stm32f4xx_hal_dma.o
                                                  build/tim.o
                                                  build/i2s.o
HAL_DMA_PollForTransfer                           build/stm32f4xx_hal_dma.o
HAL_DMA_RegisterCallback                          build/stm32f4xx_hal_dma.o
HAL_DMA_Start                                     build/stm32f4xx_hal_dma.o
HAL_DMA_Start_IT                                  build/stm32f4xx_hal_dma.o
                                                  build/stm32f4xx_hal_tim_ex.o
                                                  build/stm32f4xx_hal_tim.o
                                                  build/stm32f4xx_hal_spi.o
                                                  build/stm32f4xx_hal_i2s_ex.o
                                                  build/stm32f4xx_hal_i2s.o
                                                  build/stm32f4xx_hal_i2c.o
                                                  build/stm32f4xx_hal_adc_ex.o
                                                  build/stm32f4xx_hal_adc.o
HAL_DMA_UnRegisterCallback                        build/stm32f4xx_hal_dma.o
HAL_DeInit                                        build/stm32f4xx_hal.o
HAL_Delay                                         build/stm32f4xx_hal.o
                                                  build/stm32f4xx_ll_usb.o
HAL_DisableCompensationCell                       build/stm32f4xx_hal.o
HAL_EXTI_ClearConfigLine                          build/stm32f4xx_hal_exti.o
HAL_EXTI_ClearPending                             build/stm32f4xx_hal_exti.o
HAL_EXTI_GenerateSWI                              build/stm32f4xx_hal_exti.o
HAL_EXTI_GetConfigLine                            build/stm32f4xx_hal_exti.o
HAL_EXTI_GetHandle                                build/stm32f4xx_hal_exti.o
HAL_EXTI_GetPending                               build/stm32f4xx_hal_exti.o
HAL_EXTI_IRQHandler                               build/stm32f4xx_hal_exti.o
HAL_EXTI_RegisterCallback                         build/stm32f4xx_hal_exti.o
HAL_EXTI_SetConfigLine                            build/stm32f4xx_hal_exti.o
HAL_EnableCompensationCell                        build/stm32f4xx_hal.o
HAL_FLASHEx_AdvOBGetConfig                        build/stm32f4xx_hal_flash_ex.o
HAL_FLASHEx_AdvOBProgram                          build/stm32f4xx_hal_flash_ex.o
HAL_FLASHEx_DisableFlashSleepMode                 build/stm32f4xx_hal_flash_ramfunc.o
HAL_FLASHEx_EnableFlashSleepMode                  build/stm32f4xx_hal_flash_ramfunc.o
HAL_FLASHEx_Erase                                 build/stm32f4xx_hal_flash_ex.o
HAL_FLASHEx_Erase_IT                              build/stm32f4xx_hal_flash_ex.o
HAL_FLASHEx_OBGetConfig                           build/stm32f4xx_hal_flash_ex.o
HAL_FLASHEx_OBProgram                             build/stm32f4xx_hal_flash_ex.o
HAL_FLASHEx_OB_DeSelectPCROP                      build/stm32f4xx_hal_flash_ex.o
HAL_FLASHEx_OB_SelectPCROP                        build/stm32f4xx_hal_flash_ex.o
HAL_FLASHEx_StartFlashInterfaceClk                build/stm32f4xx_hal_flash_ramfunc.o
HAL_FLASHEx_StopFlashInterfaceClk                 build/stm32f4xx_hal_flash_ramfunc.o
HAL_FLASH_EndOfOperationCallback                  build/stm32f4xx_hal_flash.o
HAL_FLASH_GetError                                build/stm32f4xx_hal_flash.o
HAL_FLASH_IRQHandler                              build/stm32f4xx_hal_flash.o
HAL_FLASH_Lock                                    build/stm32f4xx_hal_flash.o
HAL_FLASH_OB_Launch                               build/stm32f4xx_hal_flash.o
HAL_FLASH_OB_Lock                                 build/stm32f4xx_hal_flash.o
HAL_FLASH_OB_Unlock                               build/stm32f4xx_hal_flash.o
HAL_FLASH_OperationErrorCallback                  build/stm32f4xx_hal_flash.o
HAL_FLASH_Program                                 build/stm32f4xx_hal_flash.o
HAL_FLASH_Program_IT                              build/stm32f4xx_hal_flash.o
HAL_FLASH_Unlock                                  build/stm32f4xx_hal_flash.o
HAL_GPIO_DeInit                                   build/stm32f4xx_hal_gpio.o
                                                  build/usb_otg.o
                                                  build/spi.o
                                                  build/i2s.o
                                                  build/i2c.o
                                                  build/adc.o
HAL_GPIO_EXTI_Callback                            build/stm32f4xx_hal_gpio.o
HAL_GPIO_EXTI_IRQHandler                          build/stm32f4xx_hal_gpio.o
HAL_GPIO_Init                                     build/stm32f4xx_hal_gpio.o
                                                  build/stm32f4xx_hal_rcc.o
                                                  build/usb_otg.o
                                                  build/tim.o
                                                  build/spi.o
                                                  build/i2s.o
                                                  build/i2c.o
                                                  build/adc.o
                                                  build/gpio.o
HAL_GPIO_LockPin                                  build/stm32f4xx_hal_gpio.o
HAL_GPIO_ReadPin                                  build/stm32f4xx_hal_gpio.o
HAL_GPIO_TogglePin                                build/stm32f4xx_hal_gpio.o
HAL_GPIO_WritePin                                 build/stm32f4xx_hal_gpio.o
                                                  build/gpio.o
                                                  build/main.o
HAL_GetDEVID                                      build/stm32f4xx_hal.o
HAL_GetHalVersion                                 build/stm32f4xx_hal.o
HAL_GetREVID                                      build/stm32f4xx_hal.o
HAL_GetTick                                       build/stm32f4xx_hal.o
                                                  build/stm32f4xx_hal_spi.o
                                                  build/stm32f4xx_hal_i2s_ex.o
                                                  build/stm32f4xx_hal_i2s.o
                                                  build/stm32f4xx_hal_i2c.o
                                                  build/stm32f4xx_hal_pwr_ex.o
                                                  build/stm32f4xx_hal_dma.o
                                                  build/stm32f4xx_hal_flash.o
                                                  build/stm32f4xx_hal_rcc_ex.o
                                                  build/stm32f4xx_hal_rcc.o
                                                  build/stm32f4xx_hal_adc_ex.o
                                                  build/stm32f4xx_hal_adc.o
HAL_GetTickFreq                                   build/stm32f4xx_hal.o
HAL_GetTickPrio                                   build/stm32f4xx_hal.o
HAL_GetUIDw0                                      build/stm32f4xx_hal.o
HAL_GetUIDw1                                      build/stm32f4xx_hal.o
HAL_GetUIDw2                                      build/stm32f4xx_hal.o
HAL_I2CEx_ConfigAnalogFilter                      build/stm32f4xx_hal_i2c_ex.o
HAL_I2CEx_ConfigDigitalFilter                     build/stm32f4xx_hal_i2c_ex.o
HAL_I2C_AbortCpltCallback                         build/stm32f4xx_hal_i2c.o
HAL_I2C_AddrCallback                              build/stm32f4xx_hal_i2c.o
HAL_I2C_DeInit                                    build/stm32f4xx_hal_i2c.o
HAL_I2C_DisableListen_IT                          build/stm32f4xx_hal_i2c.o
HAL_I2C_ER_IRQHandler                             build/stm32f4xx_hal_i2c.o
HAL_I2C_EV_IRQHandler                             build/stm32f4xx_hal_i2c.o
HAL_I2C_EnableListen_IT                           build/stm32f4xx_hal_i2c.o
HAL_I2C_ErrorCallback                             build/stm32f4xx_hal_i2c.o
HAL_I2C_GetError                                  build/stm32f4xx_hal_i2c.o
HAL_I2C_GetMode                                   build/stm32f4xx_hal_i2c.o
HAL_I2C_GetState                                  build/stm32f4xx_hal_i2c.o
HAL_I2C_Init                                      build/stm32f4xx_hal_i2c.o
                                                  build/i2c.o
HAL_I2C_IsDeviceReady                             build/stm32f4xx_hal_i2c.o
HAL_I2C_ListenCpltCallback                        build/stm32f4xx_hal_i2c.o
HAL_I2C_MasterRxCpltCallback                      build/stm32f4xx_hal_i2c.o
HAL_I2C_MasterTxCpltCallback                      build/stm32f4xx_hal_i2c.o
HAL_I2C_Master_Abort_IT                           build/stm32f4xx_hal_i2c.o
HAL_I2C_Master_Receive                            build/stm32f4xx_hal_i2c.o
HAL_I2C_Master_Receive_DMA                        build/stm32f4xx_hal_i2c.o
HAL_I2C_Master_Receive_IT                         build/stm32f4xx_hal_i2c.o
HAL_I2C_Master_Seq_Receive_DMA                    build/stm32f4xx_hal_i2c.o
HAL_I2C_Master_Seq_Receive_IT                     build/stm32f4xx_hal_i2c.o
HAL_I2C_Master_Seq_Transmit_DMA                   build/stm32f4xx_hal_i2c.o
HAL_I2C_Master_Seq_Transmit_IT                    build/stm32f4xx_hal_i2c.o
HAL_I2C_Master_Transmit                           build/stm32f4xx_hal_i2c.o
HAL_I2C_Master_Transmit_DMA                       build/stm32f4xx_hal_i2c.o
HAL_I2C_Master_Transmit_IT                        build/stm32f4xx_hal_i2c.o
HAL_I2C_MemRxCpltCallback                         build/stm32f4xx_hal_i2c.o
HAL_I2C_MemTxCpltCallback                         build/stm32f4xx_hal_i2c.o
HAL_I2C_Mem_Read                                  build/stm32f4xx_hal_i2c.o
HAL_I2C_Mem_Read_DMA                              build/stm32f4xx_hal_i2c.o
HAL_I2C_Mem_Read_IT                               build/stm32f4xx_hal_i2c.o
HAL_I2C_Mem_Write                                 build/stm32f4xx_hal_i2c.o
HAL_I2C_Mem_Write_DMA                             build/stm32f4xx_hal_i2c.o
HAL_I2C_Mem_Write_IT                              build/stm32f4xx_hal_i2c.o
HAL_I2C_MspDeInit                                 build/i2c.o
HAL_I2C_MspInit                                   build/i2c.o
HAL_I2C_SlaveRxCpltCallback                       build/stm32f4xx_hal_i2c.o
HAL_I2C_SlaveTxCpltCallback                       build/stm32f4xx_hal_i2c.o
HAL_I2C_Slave_Receive                             build/stm32f4xx_hal_i2c.o
HAL_I2C_Slave_Receive_DMA                         build/stm32f4xx_hal_i2c.o
HAL_I2C_Slave_Receive_IT                          build/stm32f4xx_hal_i2c.o
HAL_I2C_Slave_Seq_Receive_DMA                     build/stm32f4xx_hal_i2c.o
HAL_I2C_Slave_Seq_Receive_IT                      build/stm32f4xx_hal_i2c.o
HAL_I2C_Slave_Seq_Transmit_DMA                    build/stm32f4xx_hal_i2c.o
HAL_I2C_Slave_Seq_Transmit_IT                     build/stm32f4xx_hal_i2c.o
HAL_I2C_Slave_Transmit                            build/stm32f4xx_hal_i2c.o
HAL_I2C_Slave_Transmit_DMA                        build/stm32f4xx_hal_i2c.o
HAL_I2C_Slave_Transmit_IT                         build/stm32f4xx_hal_i2c.o
HAL_I2SEx_FullDuplex_IRQHandler                   build/stm32f4xx_hal_i2s_ex.o
                                                  build/stm32f4xx_hal_i2s.o
HAL_I2SEx_TransmitReceive                         build/stm32f4xx_hal_i2s_ex.o
HAL_I2SEx_TransmitReceive_DMA                     build/stm32f4xx_hal_i2s_ex.o
HAL_I2SEx_TransmitReceive_IT                      build/stm32f4xx_hal_i2s_ex.o
HAL_I2SEx_TxRxCpltCallback                        build/stm32f4xx_hal_i2s_ex.o
HAL_I2SEx_TxRxHalfCpltCallback                    build/stm32f4xx_hal_i2s_ex.o
HAL_I2S_DMAPause                                  build/stm32f4xx_hal_i2s.o
HAL_I2S_DMAResume                                 build/stm32f4xx_hal_i2s.o
HAL_I2S_DMAStop                                   build/stm32f4xx_hal_i2s.o
                                                  build/audio_test.o
HAL_I2S_DeInit                                    build/stm32f4xx_hal_i2s.o
HAL_I2S_ErrorCallback                             build/stm32f4xx_hal_i2s.o
                                                  build/stm32f4xx_hal_i2s_ex.o
HAL_I2S_GetError                                  build/stm32f4xx_hal_i2s.o
HAL_I2S_GetState                                  build/stm32f4xx_hal_i2s.o
HAL_I2S_IRQHandler                                build/stm32f4xx_hal_i2s.o
HAL_I2S_Init                                      build/stm32f4xx_hal_i2s.o
                                                  build/i2s.o
HAL_I2S_MspDeInit                                 build/i2s.o
HAL_I2S_MspInit                                   build/i2s.o
HAL_I2S_Receive                                   build/stm32f4xx_hal_i2s.o
HAL_I2S_Receive_DMA                               build/stm32f4xx_hal_i2s.o
HAL_I2S_Receive_IT                                build/stm32f4xx_hal_i2s.o
HAL_I2S_RxCpltCallback                            build/stm32f4xx_hal_i2s.o
HAL_I2S_RxHalfCpltCallback                        build/stm32f4xx_hal_i2s.o
HAL_I2S_Transmit                                  build/stm32f4xx_hal_i2s.o
HAL_I2S_Transmit_DMA                              build/stm32f4xx_hal_i2s.o
                                                  build/audio_test.o
HAL_I2S_Transmit_IT                               build/stm32f4xx_hal_i2s.o
HAL_I2S_TxCpltCallback                            build/stm32f4xx_hal_i2s.o
HAL_I2S_TxHalfCpltCallback                        build/stm32f4xx_hal_i2s.o
HAL_IncTick                                       build/stm32f4xx_hal.o
                                                  build/stm32f4xx_it.o
HAL_Init                                          build/stm32f4xx_hal.o
                                                  build/main.o
HAL_InitTick                                      build/stm32f4xx_hal.o
                                                  build/stm32f4xx_hal_rcc_ex.o
                                                  build/stm32f4xx_hal_rcc.o
HAL_MPU_ConfigRegion                              build/stm32f4xx_hal_cortex.o
HAL_MPU_Disable                                   build/stm32f4xx_hal_cortex.o
HAL_MPU_DisableRegion                             build/stm32f4xx_hal_cortex.o
HAL_MPU_Enable                                    build/stm32f4xx_hal_cortex.o
HAL_MPU_EnableRegion                              build/stm32f4xx_hal_cortex.o
HAL_MspDeInit                                     build/stm32f4xx_hal.o
HAL_MspInit                                       build/stm32f4xx_hal_msp.o
HAL_NVIC_ClearPendingIRQ                          build/stm32f4xx_hal_cortex.o
HAL_NVIC_DisableIRQ                               build/stm32f4xx_hal_cortex.o
HAL_NVIC_EnableIRQ                                build/stm32f4xx_hal_cortex.o
                                                  build/dma.o
HAL_NVIC_GetActive                                build/stm32f4xx_hal_cortex.o
HAL_NVIC_GetPendingIRQ                            build/stm32f4xx_hal_cortex.o
HAL_NVIC_GetPriority                              build/stm32f4xx_hal_cortex.o
HAL_NVIC_GetPriorityGrouping                      build/stm32f4xx_hal_cortex.o
HAL_NVIC_SetPendingIRQ                            build/stm32f4xx_hal_cortex.o
HAL_NVIC_SetPriority                              build/stm32f4xx_hal_cortex.o
                                                  build/stm32f4xx_hal.o
                                                  build/dma.o
HAL_NVIC_SetPriorityGrouping                      build/stm32f4xx_hal_cortex.o
                                                  build/stm32f4xx_hal.o
HAL_NVIC_SystemReset                              build/stm32f4xx_hal_cortex.o
HAL_PCDEx_BCD_Callback                            build/stm32f4xx_hal_pcd_ex.o
HAL_PCDEx_LPM_Callback                            build/stm32f4xx_hal_pcd_ex.o
                                                  build/stm32f4xx_hal_pcd.o
HAL_PCDEx_SetRxFiFo                               build/stm32f4xx_hal_pcd_ex.o
HAL_PCDEx_SetTxFiFo                               build/stm32f4xx_hal_pcd_ex.o
HAL_PCD_ActivateRemoteWakeup                      build/stm32f4xx_hal_pcd.o
HAL_PCD_ConnectCallback                           build/stm32f4xx_hal_pcd.o
HAL_PCD_DataInStageCallback                       build/stm32f4xx_hal_pcd.o
HAL_PCD_DataOutStageCallback                      build/stm32f4xx_hal_pcd.o
HAL_PCD_DeActivateRemoteWakeup                    build/stm32f4xx_hal_pcd.o
HAL_PCD_DeInit                                    build/stm32f4xx_hal_pcd.o
HAL_PCD_DevConnect                                build/stm32f4xx_hal_pcd.o
HAL_PCD_DevDisconnect                             build/stm32f4xx_hal_pcd.o
HAL_PCD_DisconnectCallback                        build/stm32f4xx_hal_pcd.o
HAL_PCD_EP_Abort                                  build/stm32f4xx_hal_pcd.o
HAL_PCD_EP_Close                                  build/stm32f4xx_hal_pcd.o
HAL_PCD_EP_ClrStall                               build/stm32f4xx_hal_pcd.o
HAL_PCD_EP_Flush                                  build/stm32f4xx_hal_pcd.o